// Jest Snapshot v1, https://goo.gl/fbAQLP

exports[`Plugin should render correctly 1`] = `
ShallowWrapper {
  "length": 1,
  Symbol(enzyme.__root__): [Circular],
  Symbol(enzyme.__unrendered__): <Plugin
    author=""
    creationDate=""
    id=""
    name=""
    title=""
/>,
  Symbol(enzyme.__renderer__): Object {
    "batchedUpdates": [Function],
    "getNode": [Function],
    "render": [Function],
    "simulateEvent": [Function],
    "unmount": [Function],
  },
  Symbol(enzyme.__node__): Object {
    "instance": null,
    "key": undefined,
    "nodeType": "function",
    "props": Object {
      "accented": false,
      "aggregated": false,
      "aggregatedMini": false,
      "cardRef": null,
      "children": <CardBody
        className="plugin-item-card-body"
>
        <div>
                <div
                        className="row no-flex"
                >
                        <Link
                                className="plugin-item-name"
                                href="/plugin/"
                                replace={false}
                                to="/plugin/"
                        />
                        <div
                                className="plugin-item-title"
                        />
                        <div
                                className="plugin-item-creation"
                        >
                                <Link
                                        className="plugin-item-author"
                                        href="/author/"
                                        replace={false}
                                        to="/author/"
                                />
                        </div>
                </div>
        </div>
</CardBody>,
      "className": "plugin-item-card",
      "matchHeight": false,
    },
    "ref": null,
    "rendered": Object {
      "instance": null,
      "key": undefined,
      "nodeType": "function",
      "props": Object {
        "children": <div>
          <div
                    className="row no-flex"
          >
                    <Link
                              className="plugin-item-name"
                              href="/plugin/"
                              replace={false}
                              to="/plugin/"
                    />
                    <div
                              className="plugin-item-title"
                    />
                    <div
                              className="plugin-item-creation"
                    >
                              <Link
                                        className="plugin-item-author"
                                        href="/author/"
                                        replace={false}
                                        to="/author/"
                              />
                    </div>
          </div>
</div>,
        "className": "plugin-item-card-body",
      },
      "ref": null,
      "rendered": Object {
        "instance": null,
        "key": undefined,
        "nodeType": "host",
        "props": Object {
          "children": <div
            className="row no-flex"
>
            <Link
                        className="plugin-item-name"
                        href="/plugin/"
                        replace={false}
                        to="/plugin/"
            />
            <div
                        className="plugin-item-title"
            />
            <div
                        className="plugin-item-creation"
            >
                        <Link
                                    className="plugin-item-author"
                                    href="/author/"
                                    replace={false}
                                    to="/author/"
                        />
            </div>
</div>,
        },
        "ref": null,
        "rendered": Object {
          "instance": null,
          "key": undefined,
          "nodeType": "host",
          "props": Object {
            "children": Array [
              <Link
                className="plugin-item-name"
                href="/plugin/"
                replace={false}
                to="/plugin/"
/>,
              <div
                className="plugin-item-title"
/>,
              <div
                className="plugin-item-creation"
>
                <Link
                                className="plugin-item-author"
                                href="/author/"
                                replace={false}
                                to="/author/"
                />
</div>,
            ],
            "className": "row no-flex",
          },
          "ref": null,
          "rendered": Array [
            Object {
              "instance": null,
              "key": undefined,
              "nodeType": "class",
              "props": Object {
                "children": "",
                "className": "plugin-item-name",
                "href": "/plugin/",
                "replace": false,
                "to": "/plugin/",
              },
              "ref": null,
              "rendered": "",
              "type": [Function],
            },
            Object {
              "instance": null,
              "key": undefined,
              "nodeType": "host",
              "props": Object {
                "children": "",
                "className": "plugin-item-title",
              },
              "ref": null,
              "rendered": "",
              "type": "div",
            },
            Object {
              "instance": null,
              "key": undefined,
              "nodeType": "host",
              "props": Object {
                "children": Array [
                  <Link
                    className="plugin-item-author"
                    href="/author/"
                    replace={false}
                    to="/author/"
/>,
                  false,
                ],
                "className": "plugin-item-creation",
              },
              "ref": null,
              "rendered": Array [
                Object {
                  "instance": null,
                  "key": undefined,
                  "nodeType": "class",
                  "props": Object {
                    "children": "",
                    "className": "plugin-item-author",
                    "href": "/author/",
                    "replace": false,
                    "to": "/author/",
                  },
                  "ref": null,
                  "rendered": "",
                  "type": [Function],
                },
                false,
              ],
              "type": "div",
            },
          ],
          "type": "div",
        },
        "type": "div",
      },
      "type": [Function],
    },
    "type": [Function],
  },
  Symbol(enzyme.__nodes__): Array [
    Object {
      "instance": null,
      "key": undefined,
      "nodeType": "function",
      "props": Object {
        "accented": false,
        "aggregated": false,
        "aggregatedMini": false,
        "cardRef": null,
        "children": <CardBody
          className="plugin-item-card-body"
>
          <div>
                    <div
                              className="row no-flex"
                    >
                              <Link
                                        className="plugin-item-name"
                                        href="/plugin/"
                                        replace={false}
                                        to="/plugin/"
                              />
                              <div
                                        className="plugin-item-title"
                              />
                              <div
                                        className="plugin-item-creation"
                              >
                                        <Link
                                                  className="plugin-item-author"
                                                  href="/author/"
                                                  replace={false}
                                                  to="/author/"
                                        />
                              </div>
                    </div>
          </div>
</CardBody>,
        "className": "plugin-item-card",
        "matchHeight": false,
      },
      "ref": null,
      "rendered": Object {
        "instance": null,
        "key": undefined,
        "nodeType": "function",
        "props": Object {
          "children": <div>
            <div
                        className="row no-flex"
            >
                        <Link
                                    className="plugin-item-name"
                                    href="/plugin/"
                                    replace={false}
                                    to="/plugin/"
                        />
                        <div
                                    className="plugin-item-title"
                        />
                        <div
                                    className="plugin-item-creation"
                        >
                                    <Link
                                                className="plugin-item-author"
                                                href="/author/"
                                                replace={false}
                                                to="/author/"
                                    />
                        </div>
            </div>
</div>,
          "className": "plugin-item-card-body",
        },
        "ref": null,
        "rendered": Object {
          "instance": null,
          "key": undefined,
          "nodeType": "host",
          "props": Object {
            "children": <div
              className="row no-flex"
>
              <Link
                            className="plugin-item-name"
                            href="/plugin/"
                            replace={false}
                            to="/plugin/"
              />
              <div
                            className="plugin-item-title"
              />
              <div
                            className="plugin-item-creation"
              >
                            <Link
                                          className="plugin-item-author"
                                          href="/author/"
                                          replace={false}
                                          to="/author/"
                            />
              </div>
</div>,
          },
          "ref": null,
          "rendered": Object {
            "instance": null,
            "key": undefined,
            "nodeType": "host",
            "props": Object {
              "children": Array [
                <Link
                  className="plugin-item-name"
                  href="/plugin/"
                  replace={false}
                  to="/plugin/"
/>,
                <div
                  className="plugin-item-title"
/>,
                <div
                  className="plugin-item-creation"
>
                  <Link
                                    className="plugin-item-author"
                                    href="/author/"
                                    replace={false}
                                    to="/author/"
                  />
</div>,
              ],
              "className": "row no-flex",
            },
            "ref": null,
            "rendered": Array [
              Object {
                "instance": null,
                "key": undefined,
                "nodeType": "class",
                "props": Object {
                  "children": "",
                  "className": "plugin-item-name",
                  "href": "/plugin/",
                  "replace": false,
                  "to": "/plugin/",
                },
                "ref": null,
                "rendered": "",
                "type": [Function],
              },
              Object {
                "instance": null,
                "key": undefined,
                "nodeType": "host",
                "props": Object {
                  "children": "",
                  "className": "plugin-item-title",
                },
                "ref": null,
                "rendered": "",
                "type": "div",
              },
              Object {
                "instance": null,
                "key": undefined,
                "nodeType": "host",
                "props": Object {
                  "children": Array [
                    <Link
                      className="plugin-item-author"
                      href="/author/"
                      replace={false}
                      to="/author/"
/>,
                    false,
                  ],
                  "className": "plugin-item-creation",
                },
                "ref": null,
                "rendered": Array [
                  Object {
                    "instance": null,
                    "key": undefined,
                    "nodeType": "class",
                    "props": Object {
                      "children": "",
                      "className": "plugin-item-author",
                      "href": "/author/",
                      "replace": false,
                      "to": "/author/",
                    },
                    "ref": null,
                    "rendered": "",
                    "type": [Function],
                  },
                  false,
                ],
                "type": "div",
              },
            ],
            "type": "div",
          },
          "type": "div",
        },
        "type": [Function],
      },
      "type": [Function],
    },
  ],
  Symbol(enzyme.__options__): Object {
    "adapter": ReactSixteenAdapter {
      "options": Object {
        "enableComponentDidUpdateOnSetState": true,
      },
    },
  },
}
`;
