// Jest Snapshot v1, https://goo.gl/fbAQLP

exports[`LoadingPlugin should render correctly 1`] = `
ShallowWrapper {
  "length": 1,
  Symbol(enzyme.__root__): [Circular],
  Symbol(enzyme.__unrendered__): <LoadingPlugin />,
  Symbol(enzyme.__renderer__): Object {
    "batchedUpdates": [Function],
    "getNode": [Function],
    "render": [Function],
    "simulateEvent": [Function],
    "unmount": [Function],
  },
  Symbol(enzyme.__node__): Object {
    "instance": null,
    "key": undefined,
    "nodeType": "function",
    "props": Object {
      "children": Array [
        <div
          className="plugin-header"
>
          <div
                    className="row no-flex"
          >
                    <LoadingContent
                              bottom="0"
                              className=""
                              height="1.5em"
                              left="0"
                              right="0"
                              top="0"
                              type=""
                              width="8em"
                    />
                    <LoadingContent
                              bottom="0"
                              className=""
                              height="2.3em"
                              left="0"
                              right="0"
                              top="1em"
                              type=""
                              width="12em"
                    />
                    <LoadingContent
                              bottom="0"
                              className=""
                              height="1em"
                              left="0"
                              right="0"
                              top="0.8em"
                              type=""
                              width="13em"
                    />
                    <LoadingContent
                              bottom="0"
                              className="loading-plugin-tag"
                              height="1.5em"
                              left="0"
                              right="0"
                              top="0.5em"
                              type=""
                              width="4em"
                    />
                    <LoadingContent
                              bottom="0"
                              className="loading-plugin-tag"
                              height="1.5em"
                              left="0.5em"
                              right="0"
                              top="1em"
                              type=""
                              width="14em"
                    />
          </div>
</div>,
        <div
          className="plugin-body"
>
          <div
                    className="row"
          >
                    <div
                              className="plugin-body-main-col"
                    >
                              <LoadingContent
                                        bottom="0"
                                        className=""
                                        height="9em"
                                        left="0"
                                        right="0"
                                        top="0"
                                        type="white"
                                        width="100%"
                              />
                              <LoadingContent
                                        bottom="0"
                                        className=""
                                        height="9em"
                                        left="0"
                                        right="0"
                                        top="1em"
                                        type="white"
                                        width="100%"
                              />
                    </div>
                    <div
                              className="plugin-body-side-col"
                    >
                              <LoadingContent
                                        bottom="0"
                                        className=""
                                        height="9em"
                                        left="0"
                                        right="0"
                                        top="0"
                                        type="white"
                                        width="100%"
                              />
                    </div>
          </div>
</div>,
      ],
      "className": "loading-plugin-container",
    },
    "ref": null,
    "rendered": Array [
      Object {
        "instance": null,
        "key": undefined,
        "nodeType": "host",
        "props": Object {
          "children": <div
            className="row no-flex"
>
            <LoadingContent
                        bottom="0"
                        className=""
                        height="1.5em"
                        left="0"
                        right="0"
                        top="0"
                        type=""
                        width="8em"
            />
            <LoadingContent
                        bottom="0"
                        className=""
                        height="2.3em"
                        left="0"
                        right="0"
                        top="1em"
                        type=""
                        width="12em"
            />
            <LoadingContent
                        bottom="0"
                        className=""
                        height="1em"
                        left="0"
                        right="0"
                        top="0.8em"
                        type=""
                        width="13em"
            />
            <LoadingContent
                        bottom="0"
                        className="loading-plugin-tag"
                        height="1.5em"
                        left="0"
                        right="0"
                        top="0.5em"
                        type=""
                        width="4em"
            />
            <LoadingContent
                        bottom="0"
                        className="loading-plugin-tag"
                        height="1.5em"
                        left="0.5em"
                        right="0"
                        top="1em"
                        type=""
                        width="14em"
            />
</div>,
          "className": "plugin-header",
        },
        "ref": null,
        "rendered": Object {
          "instance": null,
          "key": undefined,
          "nodeType": "host",
          "props": Object {
            "children": Array [
              <LoadingContent
                bottom="0"
                className=""
                height="1.5em"
                left="0"
                right="0"
                top="0"
                type=""
                width="8em"
/>,
              <LoadingContent
                bottom="0"
                className=""
                height="2.3em"
                left="0"
                right="0"
                top="1em"
                type=""
                width="12em"
/>,
              <LoadingContent
                bottom="0"
                className=""
                height="1em"
                left="0"
                right="0"
                top="0.8em"
                type=""
                width="13em"
/>,
              <LoadingContent
                bottom="0"
                className="loading-plugin-tag"
                height="1.5em"
                left="0"
                right="0"
                top="0.5em"
                type=""
                width="4em"
/>,
              <LoadingContent
                bottom="0"
                className="loading-plugin-tag"
                height="1.5em"
                left="0.5em"
                right="0"
                top="1em"
                type=""
                width="14em"
/>,
            ],
            "className": "row no-flex",
          },
          "ref": null,
          "rendered": Array [
            Object {
              "instance": null,
              "key": undefined,
              "nodeType": "function",
              "props": Object {
                "bottom": "0",
                "className": "",
                "height": "1.5em",
                "left": "0",
                "right": "0",
                "top": "0",
                "type": "",
                "width": "8em",
              },
              "ref": null,
              "rendered": null,
              "type": [Function],
            },
            Object {
              "instance": null,
              "key": undefined,
              "nodeType": "function",
              "props": Object {
                "bottom": "0",
                "className": "",
                "height": "2.3em",
                "left": "0",
                "right": "0",
                "top": "1em",
                "type": "",
                "width": "12em",
              },
              "ref": null,
              "rendered": null,
              "type": [Function],
            },
            Object {
              "instance": null,
              "key": undefined,
              "nodeType": "function",
              "props": Object {
                "bottom": "0",
                "className": "",
                "height": "1em",
                "left": "0",
                "right": "0",
                "top": "0.8em",
                "type": "",
                "width": "13em",
              },
              "ref": null,
              "rendered": null,
              "type": [Function],
            },
            Object {
              "instance": null,
              "key": undefined,
              "nodeType": "function",
              "props": Object {
                "bottom": "0",
                "className": "loading-plugin-tag",
                "height": "1.5em",
                "left": "0",
                "right": "0",
                "top": "0.5em",
                "type": "",
                "width": "4em",
              },
              "ref": null,
              "rendered": null,
              "type": [Function],
            },
            Object {
              "instance": null,
              "key": undefined,
              "nodeType": "function",
              "props": Object {
                "bottom": "0",
                "className": "loading-plugin-tag",
                "height": "1.5em",
                "left": "0.5em",
                "right": "0",
                "top": "1em",
                "type": "",
                "width": "14em",
              },
              "ref": null,
              "rendered": null,
              "type": [Function],
            },
          ],
          "type": "div",
        },
        "type": "div",
      },
      Object {
        "instance": null,
        "key": undefined,
        "nodeType": "host",
        "props": Object {
          "children": <div
            className="row"
>
            <div
                        className="plugin-body-main-col"
            >
                        <LoadingContent
                                    bottom="0"
                                    className=""
                                    height="9em"
                                    left="0"
                                    right="0"
                                    top="0"
                                    type="white"
                                    width="100%"
                        />
                        <LoadingContent
                                    bottom="0"
                                    className=""
                                    height="9em"
                                    left="0"
                                    right="0"
                                    top="1em"
                                    type="white"
                                    width="100%"
                        />
            </div>
            <div
                        className="plugin-body-side-col"
            >
                        <LoadingContent
                                    bottom="0"
                                    className=""
                                    height="9em"
                                    left="0"
                                    right="0"
                                    top="0"
                                    type="white"
                                    width="100%"
                        />
            </div>
</div>,
          "className": "plugin-body",
        },
        "ref": null,
        "rendered": Object {
          "instance": null,
          "key": undefined,
          "nodeType": "host",
          "props": Object {
            "children": Array [
              <div
                className="plugin-body-main-col"
>
                <LoadingContent
                                bottom="0"
                                className=""
                                height="9em"
                                left="0"
                                right="0"
                                top="0"
                                type="white"
                                width="100%"
                />
                <LoadingContent
                                bottom="0"
                                className=""
                                height="9em"
                                left="0"
                                right="0"
                                top="1em"
                                type="white"
                                width="100%"
                />
</div>,
              <div
                className="plugin-body-side-col"
>
                <LoadingContent
                                bottom="0"
                                className=""
                                height="9em"
                                left="0"
                                right="0"
                                top="0"
                                type="white"
                                width="100%"
                />
</div>,
            ],
            "className": "row",
          },
          "ref": null,
          "rendered": Array [
            Object {
              "instance": null,
              "key": undefined,
              "nodeType": "host",
              "props": Object {
                "children": Array [
                  <LoadingContent
                    bottom="0"
                    className=""
                    height="9em"
                    left="0"
                    right="0"
                    top="0"
                    type="white"
                    width="100%"
/>,
                  <LoadingContent
                    bottom="0"
                    className=""
                    height="9em"
                    left="0"
                    right="0"
                    top="1em"
                    type="white"
                    width="100%"
/>,
                ],
                "className": "plugin-body-main-col",
              },
              "ref": null,
              "rendered": Array [
                Object {
                  "instance": null,
                  "key": undefined,
                  "nodeType": "function",
                  "props": Object {
                    "bottom": "0",
                    "className": "",
                    "height": "9em",
                    "left": "0",
                    "right": "0",
                    "top": "0",
                    "type": "white",
                    "width": "100%",
                  },
                  "ref": null,
                  "rendered": null,
                  "type": [Function],
                },
                Object {
                  "instance": null,
                  "key": undefined,
                  "nodeType": "function",
                  "props": Object {
                    "bottom": "0",
                    "className": "",
                    "height": "9em",
                    "left": "0",
                    "right": "0",
                    "top": "1em",
                    "type": "white",
                    "width": "100%",
                  },
                  "ref": null,
                  "rendered": null,
                  "type": [Function],
                },
              ],
              "type": "div",
            },
            Object {
              "instance": null,
              "key": undefined,
              "nodeType": "host",
              "props": Object {
                "children": <LoadingContent
                  bottom="0"
                  className=""
                  height="9em"
                  left="0"
                  right="0"
                  top="0"
                  type="white"
                  width="100%"
/>,
                "className": "plugin-body-side-col",
              },
              "ref": null,
              "rendered": Object {
                "instance": null,
                "key": undefined,
                "nodeType": "function",
                "props": Object {
                  "bottom": "0",
                  "className": "",
                  "height": "9em",
                  "left": "0",
                  "right": "0",
                  "top": "0",
                  "type": "white",
                  "width": "100%",
                },
                "ref": null,
                "rendered": null,
                "type": [Function],
              },
              "type": "div",
            },
          ],
          "type": "div",
        },
        "type": "div",
      },
    ],
    "type": [Function],
  },
  Symbol(enzyme.__nodes__): Array [
    Object {
      "instance": null,
      "key": undefined,
      "nodeType": "function",
      "props": Object {
        "children": Array [
          <div
            className="plugin-header"
>
            <div
                        className="row no-flex"
            >
                        <LoadingContent
                                    bottom="0"
                                    className=""
                                    height="1.5em"
                                    left="0"
                                    right="0"
                                    top="0"
                                    type=""
                                    width="8em"
                        />
                        <LoadingContent
                                    bottom="0"
                                    className=""
                                    height="2.3em"
                                    left="0"
                                    right="0"
                                    top="1em"
                                    type=""
                                    width="12em"
                        />
                        <LoadingContent
                                    bottom="0"
                                    className=""
                                    height="1em"
                                    left="0"
                                    right="0"
                                    top="0.8em"
                                    type=""
                                    width="13em"
                        />
                        <LoadingContent
                                    bottom="0"
                                    className="loading-plugin-tag"
                                    height="1.5em"
                                    left="0"
                                    right="0"
                                    top="0.5em"
                                    type=""
                                    width="4em"
                        />
                        <LoadingContent
                                    bottom="0"
                                    className="loading-plugin-tag"
                                    height="1.5em"
                                    left="0.5em"
                                    right="0"
                                    top="1em"
                                    type=""
                                    width="14em"
                        />
            </div>
</div>,
          <div
            className="plugin-body"
>
            <div
                        className="row"
            >
                        <div
                                    className="plugin-body-main-col"
                        >
                                    <LoadingContent
                                                bottom="0"
                                                className=""
                                                height="9em"
                                                left="0"
                                                right="0"
                                                top="0"
                                                type="white"
                                                width="100%"
                                    />
                                    <LoadingContent
                                                bottom="0"
                                                className=""
                                                height="9em"
                                                left="0"
                                                right="0"
                                                top="1em"
                                                type="white"
                                                width="100%"
                                    />
                        </div>
                        <div
                                    className="plugin-body-side-col"
                        >
                                    <LoadingContent
                                                bottom="0"
                                                className=""
                                                height="9em"
                                                left="0"
                                                right="0"
                                                top="0"
                                                type="white"
                                                width="100%"
                                    />
                        </div>
            </div>
</div>,
        ],
        "className": "loading-plugin-container",
      },
      "ref": null,
      "rendered": Array [
        Object {
          "instance": null,
          "key": undefined,
          "nodeType": "host",
          "props": Object {
            "children": <div
              className="row no-flex"
>
              <LoadingContent
                            bottom="0"
                            className=""
                            height="1.5em"
                            left="0"
                            right="0"
                            top="0"
                            type=""
                            width="8em"
              />
              <LoadingContent
                            bottom="0"
                            className=""
                            height="2.3em"
                            left="0"
                            right="0"
                            top="1em"
                            type=""
                            width="12em"
              />
              <LoadingContent
                            bottom="0"
                            className=""
                            height="1em"
                            left="0"
                            right="0"
                            top="0.8em"
                            type=""
                            width="13em"
              />
              <LoadingContent
                            bottom="0"
                            className="loading-plugin-tag"
                            height="1.5em"
                            left="0"
                            right="0"
                            top="0.5em"
                            type=""
                            width="4em"
              />
              <LoadingContent
                            bottom="0"
                            className="loading-plugin-tag"
                            height="1.5em"
                            left="0.5em"
                            right="0"
                            top="1em"
                            type=""
                            width="14em"
              />
</div>,
            "className": "plugin-header",
          },
          "ref": null,
          "rendered": Object {
            "instance": null,
            "key": undefined,
            "nodeType": "host",
            "props": Object {
              "children": Array [
                <LoadingContent
                  bottom="0"
                  className=""
                  height="1.5em"
                  left="0"
                  right="0"
                  top="0"
                  type=""
                  width="8em"
/>,
                <LoadingContent
                  bottom="0"
                  className=""
                  height="2.3em"
                  left="0"
                  right="0"
                  top="1em"
                  type=""
                  width="12em"
/>,
                <LoadingContent
                  bottom="0"
                  className=""
                  height="1em"
                  left="0"
                  right="0"
                  top="0.8em"
                  type=""
                  width="13em"
/>,
                <LoadingContent
                  bottom="0"
                  className="loading-plugin-tag"
                  height="1.5em"
                  left="0"
                  right="0"
                  top="0.5em"
                  type=""
                  width="4em"
/>,
                <LoadingContent
                  bottom="0"
                  className="loading-plugin-tag"
                  height="1.5em"
                  left="0.5em"
                  right="0"
                  top="1em"
                  type=""
                  width="14em"
/>,
              ],
              "className": "row no-flex",
            },
            "ref": null,
            "rendered": Array [
              Object {
                "instance": null,
                "key": undefined,
                "nodeType": "function",
                "props": Object {
                  "bottom": "0",
                  "className": "",
                  "height": "1.5em",
                  "left": "0",
                  "right": "0",
                  "top": "0",
                  "type": "",
                  "width": "8em",
                },
                "ref": null,
                "rendered": null,
                "type": [Function],
              },
              Object {
                "instance": null,
                "key": undefined,
                "nodeType": "function",
                "props": Object {
                  "bottom": "0",
                  "className": "",
                  "height": "2.3em",
                  "left": "0",
                  "right": "0",
                  "top": "1em",
                  "type": "",
                  "width": "12em",
                },
                "ref": null,
                "rendered": null,
                "type": [Function],
              },
              Object {
                "instance": null,
                "key": undefined,
                "nodeType": "function",
                "props": Object {
                  "bottom": "0",
                  "className": "",
                  "height": "1em",
                  "left": "0",
                  "right": "0",
                  "top": "0.8em",
                  "type": "",
                  "width": "13em",
                },
                "ref": null,
                "rendered": null,
                "type": [Function],
              },
              Object {
                "instance": null,
                "key": undefined,
                "nodeType": "function",
                "props": Object {
                  "bottom": "0",
                  "className": "loading-plugin-tag",
                  "height": "1.5em",
                  "left": "0",
                  "right": "0",
                  "top": "0.5em",
                  "type": "",
                  "width": "4em",
                },
                "ref": null,
                "rendered": null,
                "type": [Function],
              },
              Object {
                "instance": null,
                "key": undefined,
                "nodeType": "function",
                "props": Object {
                  "bottom": "0",
                  "className": "loading-plugin-tag",
                  "height": "1.5em",
                  "left": "0.5em",
                  "right": "0",
                  "top": "1em",
                  "type": "",
                  "width": "14em",
                },
                "ref": null,
                "rendered": null,
                "type": [Function],
              },
            ],
            "type": "div",
          },
          "type": "div",
        },
        Object {
          "instance": null,
          "key": undefined,
          "nodeType": "host",
          "props": Object {
            "children": <div
              className="row"
>
              <div
                            className="plugin-body-main-col"
              >
                            <LoadingContent
                                          bottom="0"
                                          className=""
                                          height="9em"
                                          left="0"
                                          right="0"
                                          top="0"
                                          type="white"
                                          width="100%"
                            />
                            <LoadingContent
                                          bottom="0"
                                          className=""
                                          height="9em"
                                          left="0"
                                          right="0"
                                          top="1em"
                                          type="white"
                                          width="100%"
                            />
              </div>
              <div
                            className="plugin-body-side-col"
              >
                            <LoadingContent
                                          bottom="0"
                                          className=""
                                          height="9em"
                                          left="0"
                                          right="0"
                                          top="0"
                                          type="white"
                                          width="100%"
                            />
              </div>
</div>,
            "className": "plugin-body",
          },
          "ref": null,
          "rendered": Object {
            "instance": null,
            "key": undefined,
            "nodeType": "host",
            "props": Object {
              "children": Array [
                <div
                  className="plugin-body-main-col"
>
                  <LoadingContent
                                    bottom="0"
                                    className=""
                                    height="9em"
                                    left="0"
                                    right="0"
                                    top="0"
                                    type="white"
                                    width="100%"
                  />
                  <LoadingContent
                                    bottom="0"
                                    className=""
                                    height="9em"
                                    left="0"
                                    right="0"
                                    top="1em"
                                    type="white"
                                    width="100%"
                  />
</div>,
                <div
                  className="plugin-body-side-col"
>
                  <LoadingContent
                                    bottom="0"
                                    className=""
                                    height="9em"
                                    left="0"
                                    right="0"
                                    top="0"
                                    type="white"
                                    width="100%"
                  />
</div>,
              ],
              "className": "row",
            },
            "ref": null,
            "rendered": Array [
              Object {
                "instance": null,
                "key": undefined,
                "nodeType": "host",
                "props": Object {
                  "children": Array [
                    <LoadingContent
                      bottom="0"
                      className=""
                      height="9em"
                      left="0"
                      right="0"
                      top="0"
                      type="white"
                      width="100%"
/>,
                    <LoadingContent
                      bottom="0"
                      className=""
                      height="9em"
                      left="0"
                      right="0"
                      top="1em"
                      type="white"
                      width="100%"
/>,
                  ],
                  "className": "plugin-body-main-col",
                },
                "ref": null,
                "rendered": Array [
                  Object {
                    "instance": null,
                    "key": undefined,
                    "nodeType": "function",
                    "props": Object {
                      "bottom": "0",
                      "className": "",
                      "height": "9em",
                      "left": "0",
                      "right": "0",
                      "top": "0",
                      "type": "white",
                      "width": "100%",
                    },
                    "ref": null,
                    "rendered": null,
                    "type": [Function],
                  },
                  Object {
                    "instance": null,
                    "key": undefined,
                    "nodeType": "function",
                    "props": Object {
                      "bottom": "0",
                      "className": "",
                      "height": "9em",
                      "left": "0",
                      "right": "0",
                      "top": "1em",
                      "type": "white",
                      "width": "100%",
                    },
                    "ref": null,
                    "rendered": null,
                    "type": [Function],
                  },
                ],
                "type": "div",
              },
              Object {
                "instance": null,
                "key": undefined,
                "nodeType": "host",
                "props": Object {
                  "children": <LoadingContent
                    bottom="0"
                    className=""
                    height="9em"
                    left="0"
                    right="0"
                    top="0"
                    type="white"
                    width="100%"
/>,
                  "className": "plugin-body-side-col",
                },
                "ref": null,
                "rendered": Object {
                  "instance": null,
                  "key": undefined,
                  "nodeType": "function",
                  "props": Object {
                    "bottom": "0",
                    "className": "",
                    "height": "9em",
                    "left": "0",
                    "right": "0",
                    "top": "0",
                    "type": "white",
                    "width": "100%",
                  },
                  "ref": null,
                  "rendered": null,
                  "type": [Function],
                },
                "type": "div",
              },
            ],
            "type": "div",
          },
          "type": "div",
        },
      ],
      "type": [Function],
    },
  ],
  Symbol(enzyme.__options__): Object {
    "adapter": ReactSixteenAdapter {
      "options": Object {
        "enableComponentDidUpdateOnSetState": true,
      },
    },
  },
}
`;
