// Jest Snapshot v1, https://goo.gl/fbAQLP

exports[`CopyToClipboard should render correctly 1`] = `
ShallowWrapper {
  "length": 1,
  Symbol(enzyme.__root__): [Circular],
  Symbol(enzyme.__unrendered__): <CopyToClipboard
    clipboardText=""
/>,
  Symbol(enzyme.__renderer__): Object {
    "batchedUpdates": [Function],
    "getNode": [Function],
    "render": [Function],
    "simulateEvent": [Function],
    "unmount": [Function],
  },
  Symbol(enzyme.__node__): Object {
    "instance": null,
    "key": undefined,
    "nodeType": "class",
    "props": Object {
      "children": <ClipboardButton
        className="copy-to-clipboard-btn btn btn-large"
        data-clipboard-text=""
        onClick={[Function]}
>
        <Icon
                name="copy"
                type="fa"
        />
</ClipboardButton>,
      "defaultOverlayShown": false,
      "onClick": [Function],
      "overlay": <Tooltip
        bsClass="tooltip"
        id="copiedTooltip"
        placement="right"
>
        <strong>
                Copied!
        </strong>
</Tooltip>,
      "placement": "bottom",
      "trigger": Array [
        "hover",
        "focus",
      ],
    },
    "ref": Object {
      "current": null,
    },
    "rendered": Object {
      "instance": null,
      "key": undefined,
      "nodeType": "class",
      "props": Object {
        "children": <Icon
          name="copy"
          type="fa"
/>,
        "className": "copy-to-clipboard-btn btn btn-large",
        "data-clipboard-text": "",
        "onClick": [Function],
      },
      "ref": null,
      "rendered": Object {
        "instance": null,
        "key": undefined,
        "nodeType": "function",
        "props": Object {
          "name": "copy",
          "type": "fa",
        },
        "ref": null,
        "rendered": null,
        "type": [Function],
      },
      "type": [Function],
    },
    "type": [Function],
  },
  Symbol(enzyme.__nodes__): Array [
    Object {
      "instance": null,
      "key": undefined,
      "nodeType": "class",
      "props": Object {
        "children": <ClipboardButton
          className="copy-to-clipboard-btn btn btn-large"
          data-clipboard-text=""
          onClick={[Function]}
>
          <Icon
                    name="copy"
                    type="fa"
          />
</ClipboardButton>,
        "defaultOverlayShown": false,
        "onClick": [Function],
        "overlay": <Tooltip
          bsClass="tooltip"
          id="copiedTooltip"
          placement="right"
>
          <strong>
                    Copied!
          </strong>
</Tooltip>,
        "placement": "bottom",
        "trigger": Array [
          "hover",
          "focus",
        ],
      },
      "ref": Object {
        "current": null,
      },
      "rendered": Object {
        "instance": null,
        "key": undefined,
        "nodeType": "class",
        "props": Object {
          "children": <Icon
            name="copy"
            type="fa"
/>,
          "className": "copy-to-clipboard-btn btn btn-large",
          "data-clipboard-text": "",
          "onClick": [Function],
        },
        "ref": null,
        "rendered": Object {
          "instance": null,
          "key": undefined,
          "nodeType": "function",
          "props": Object {
            "name": "copy",
            "type": "fa",
          },
          "ref": null,
          "rendered": null,
          "type": [Function],
        },
        "type": [Function],
      },
      "type": [Function],
    },
  ],
  Symbol(enzyme.__options__): Object {
    "adapter": ReactSixteenAdapter {
      "options": Object {
        "enableComponentDidUpdateOnSetState": true,
      },
    },
  },
}
`;
