// Jest Snapshot v1, https://goo.gl/fbAQLP

exports[`LoadingPluginItem should render correctly 1`] = `
ShallowWrapper {
  "length": 1,
  Symbol(enzyme.__root__): [Circular],
  Symbol(enzyme.__unrendered__): <LoadingPluginItem />,
  Symbol(enzyme.__renderer__): Object {
    "batchedUpdates": [Function],
    "getNode": [Function],
    "render": [Function],
    "simulateEvent": [Function],
    "unmount": [Function],
  },
  Symbol(enzyme.__node__): Object {
    "instance": null,
    "key": undefined,
    "nodeType": "function",
    "props": Object {
      "children": Array [
        <LoadingContent
          bottom="0"
          className=""
          height="37px"
          left="20px"
          right="0"
          top="20px"
          type=""
          width="150px"
/>,
        <LoadingContent
          bottom="0"
          className=""
          height="23px"
          left="20px"
          right="0"
          top="7.5px"
          type=""
          width="160px"
/>,
        <LoadingContent
          bottom="0"
          className=""
          height="23px"
          left="20px"
          right="0"
          top="7.5px"
          type=""
          width="230px"
/>,
      ],
      "className": "loading-plugin-item",
    },
    "ref": null,
    "rendered": Array [
      Object {
        "instance": null,
        "key": undefined,
        "nodeType": "function",
        "props": Object {
          "bottom": "0",
          "className": "",
          "height": "37px",
          "left": "20px",
          "right": "0",
          "top": "20px",
          "type": "",
          "width": "150px",
        },
        "ref": null,
        "rendered": null,
        "type": [Function],
      },
      Object {
        "instance": null,
        "key": undefined,
        "nodeType": "function",
        "props": Object {
          "bottom": "0",
          "className": "",
          "height": "23px",
          "left": "20px",
          "right": "0",
          "top": "7.5px",
          "type": "",
          "width": "160px",
        },
        "ref": null,
        "rendered": null,
        "type": [Function],
      },
      Object {
        "instance": null,
        "key": undefined,
        "nodeType": "function",
        "props": Object {
          "bottom": "0",
          "className": "",
          "height": "23px",
          "left": "20px",
          "right": "0",
          "top": "7.5px",
          "type": "",
          "width": "230px",
        },
        "ref": null,
        "rendered": null,
        "type": [Function],
      },
    ],
    "type": [Function],
  },
  Symbol(enzyme.__nodes__): Array [
    Object {
      "instance": null,
      "key": undefined,
      "nodeType": "function",
      "props": Object {
        "children": Array [
          <LoadingContent
            bottom="0"
            className=""
            height="37px"
            left="20px"
            right="0"
            top="20px"
            type=""
            width="150px"
/>,
          <LoadingContent
            bottom="0"
            className=""
            height="23px"
            left="20px"
            right="0"
            top="7.5px"
            type=""
            width="160px"
/>,
          <LoadingContent
            bottom="0"
            className=""
            height="23px"
            left="20px"
            right="0"
            top="7.5px"
            type=""
            width="230px"
/>,
        ],
        "className": "loading-plugin-item",
      },
      "ref": null,
      "rendered": Array [
        Object {
          "instance": null,
          "key": undefined,
          "nodeType": "function",
          "props": Object {
            "bottom": "0",
            "className": "",
            "height": "37px",
            "left": "20px",
            "right": "0",
            "top": "20px",
            "type": "",
            "width": "150px",
          },
          "ref": null,
          "rendered": null,
          "type": [Function],
        },
        Object {
          "instance": null,
          "key": undefined,
          "nodeType": "function",
          "props": Object {
            "bottom": "0",
            "className": "",
            "height": "23px",
            "left": "20px",
            "right": "0",
            "top": "7.5px",
            "type": "",
            "width": "160px",
          },
          "ref": null,
          "rendered": null,
          "type": [Function],
        },
        Object {
          "instance": null,
          "key": undefined,
          "nodeType": "function",
          "props": Object {
            "bottom": "0",
            "className": "",
            "height": "23px",
            "left": "20px",
            "right": "0",
            "top": "7.5px",
            "type": "",
            "width": "230px",
          },
          "ref": null,
          "rendered": null,
          "type": [Function],
        },
      ],
      "type": [Function],
    },
  ],
  Symbol(enzyme.__options__): Object {
    "adapter": ReactSixteenAdapter {
      "options": Object {
        "enableComponentDidUpdateOnSetState": true,
      },
    },
  },
}
`;
