// Jest Snapshot v1, https://goo.gl/fbAQLP

exports[`NotFound should render correctly 1`] = `
ShallowWrapper {
  "length": 1,
}
`;
