// Jest Snapshot v1, https://goo.gl/fbAQLP

exports[`DeveloperCTA should render correctly 1`] = `
ShallowWrapper {
  "length": 1,
  Symbol(enzyme.__root__): [Circular],
  Symbol(enzyme.__unrendered__): <DeveloperCTA />,
  Symbol(enzyme.__renderer__): Object {
    "batchedUpdates": [Function],
    "getNode": [Function],
    "render": [Function],
    "simulateEvent": [Function],
    "unmount": [Function],
  },
  Symbol(enzyme.__node__): Object {
    "instance": null,
    "key": undefined,
    "nodeType": "host",
    "props": Object {
      "children": <div
        className="row developer-cta-container"
>
        <div
                className="developer-cta-overview"
        >
                <div
                        className="developer-cta-header"
                >
                        Expand the reach of your image processing software
                </div>
                <div
                        className="developer-cta-desc"
                >
                        <p>
                                ChRIS is an 
                                <strong>
                                        open source platform
                                </strong>
                                 for medical analytics in the cloud, democratizing the development of image processing apps within an ecosystem following
                                <strong>
                                         
                                        common standards, rather than disparate silos
                                </strong>
                                .
                        </p>
                        <p>
                                A ChRIS Developer account enables you to submit your image processing application as a containerized ChRIS plugin and share it with the broader ChRIS community of researchers and clinicians. 
                                <strong>
                                        Join us!
                                </strong>
                        </p>
                </div>
        </div>
        <div
                className="developer-cta-form"
        >
                <Card
                        accented={false}
                        aggregated={false}
                        aggregatedMini={false}
                        cardRef={null}
                        className=""
                        matchHeight={false}
                >
                        <CardBody
                                className=""
                        >
                                <DeveloperSignup />
                        </CardBody>
                </Card>
        </div>
</div>,
      "className": "developer-cta",
    },
    "ref": null,
    "rendered": Object {
      "instance": null,
      "key": undefined,
      "nodeType": "host",
      "props": Object {
        "children": Array [
          <div
            className="developer-cta-overview"
>
            <div
                        className="developer-cta-header"
            >
                        Expand the reach of your image processing software
            </div>
            <div
                        className="developer-cta-desc"
            >
                        <p>
                                    ChRIS is an 
                                    <strong>
                                                open source platform
                                    </strong>
                                     for medical analytics in the cloud, democratizing the development of image processing apps within an ecosystem following
                                    <strong>
                                                 
                                                common standards, rather than disparate silos
                                    </strong>
                                    .
                        </p>
                        <p>
                                    A ChRIS Developer account enables you to submit your image processing application as a containerized ChRIS plugin and share it with the broader ChRIS community of researchers and clinicians. 
                                    <strong>
                                                Join us!
                                    </strong>
                        </p>
            </div>
</div>,
          <div
            className="developer-cta-form"
>
            <Card
                        accented={false}
                        aggregated={false}
                        aggregatedMini={false}
                        cardRef={null}
                        className=""
                        matchHeight={false}
            >
                        <CardBody
                                    className=""
                        >
                                    <DeveloperSignup />
                        </CardBody>
            </Card>
</div>,
        ],
        "className": "row developer-cta-container",
      },
      "ref": null,
      "rendered": Array [
        Object {
          "instance": null,
          "key": undefined,
          "nodeType": "host",
          "props": Object {
            "children": Array [
              <div
                className="developer-cta-header"
>
                Expand the reach of your image processing software
</div>,
              <div
                className="developer-cta-desc"
>
                <p>
                                ChRIS is an 
                                <strong>
                                                open source platform
                                </strong>
                                 for medical analytics in the cloud, democratizing the development of image processing apps within an ecosystem following
                                <strong>
                                                 
                                                common standards, rather than disparate silos
                                </strong>
                                .
                </p>
                <p>
                                A ChRIS Developer account enables you to submit your image processing application as a containerized ChRIS plugin and share it with the broader ChRIS community of researchers and clinicians. 
                                <strong>
                                                Join us!
                                </strong>
                </p>
</div>,
            ],
            "className": "developer-cta-overview",
          },
          "ref": null,
          "rendered": Array [
            Object {
              "instance": null,
              "key": undefined,
              "nodeType": "host",
              "props": Object {
                "children": "Expand the reach of your image processing software",
                "className": "developer-cta-header",
              },
              "ref": null,
              "rendered": "Expand the reach of your image processing software",
              "type": "div",
            },
            Object {
              "instance": null,
              "key": undefined,
              "nodeType": "host",
              "props": Object {
                "children": Array [
                  <p>
                    ChRIS is an 
                    <strong>
                                        open source platform
                    </strong>
                     for medical analytics in the cloud, democratizing the development of image processing apps within an ecosystem following
                    <strong>
                                         
                                        common standards, rather than disparate silos
                    </strong>
                    .
</p>,
                  <p>
                    A ChRIS Developer account enables you to submit your image processing application as a containerized ChRIS plugin and share it with the broader ChRIS community of researchers and clinicians. 
                    <strong>
                                        Join us!
                    </strong>
</p>,
                ],
                "className": "developer-cta-desc",
              },
              "ref": null,
              "rendered": Array [
                Object {
                  "instance": null,
                  "key": undefined,
                  "nodeType": "host",
                  "props": Object {
                    "children": Array [
                      "ChRIS is an ",
                      <strong>
                        open source platform
</strong>,
                      " for medical analytics in the cloud, democratizing the development of image processing apps within an ecosystem following",
                      <strong>
                         
                        common standards, rather than disparate silos
</strong>,
                      ".",
                    ],
                  },
                  "ref": null,
                  "rendered": Array [
                    "ChRIS is an ",
                    Object {
                      "instance": null,
                      "key": undefined,
                      "nodeType": "host",
                      "props": Object {
                        "children": "open source platform",
                      },
                      "ref": null,
                      "rendered": "open source platform",
                      "type": "strong",
                    },
                    " for medical analytics in the cloud, democratizing the development of image processing apps within an ecosystem following",
                    Object {
                      "instance": null,
                      "key": undefined,
                      "nodeType": "host",
                      "props": Object {
                        "children": Array [
                          " ",
                          "common standards, rather than disparate silos",
                        ],
                      },
                      "ref": null,
                      "rendered": Array [
                        " ",
                        "common standards, rather than disparate silos",
                      ],
                      "type": "strong",
                    },
                    ".",
                  ],
                  "type": "p",
                },
                Object {
                  "instance": null,
                  "key": undefined,
                  "nodeType": "host",
                  "props": Object {
                    "children": Array [
                      "A ChRIS Developer account enables you to submit your image processing application as a containerized ChRIS plugin and share it with the broader ChRIS community of researchers and clinicians. ",
                      <strong>
                        Join us!
</strong>,
                    ],
                  },
                  "ref": null,
                  "rendered": Array [
                    "A ChRIS Developer account enables you to submit your image processing application as a containerized ChRIS plugin and share it with the broader ChRIS community of researchers and clinicians. ",
                    Object {
                      "instance": null,
                      "key": undefined,
                      "nodeType": "host",
                      "props": Object {
                        "children": "Join us!",
                      },
                      "ref": null,
                      "rendered": "Join us!",
                      "type": "strong",
                    },
                  ],
                  "type": "p",
                },
              ],
              "type": "div",
            },
          ],
          "type": "div",
        },
        Object {
          "instance": null,
          "key": undefined,
          "nodeType": "host",
          "props": Object {
            "children": <Card
              accented={false}
              aggregated={false}
              aggregatedMini={false}
              cardRef={null}
              className=""
              matchHeight={false}
>
              <CardBody
                            className=""
              >
                            <DeveloperSignup />
              </CardBody>
</Card>,
            "className": "developer-cta-form",
          },
          "ref": null,
          "rendered": Object {
            "instance": null,
            "key": undefined,
            "nodeType": "function",
            "props": Object {
              "accented": false,
              "aggregated": false,
              "aggregatedMini": false,
              "cardRef": null,
              "children": <CardBody
                className=""
>
                <DeveloperSignup />
</CardBody>,
              "className": "",
              "matchHeight": false,
            },
            "ref": null,
            "rendered": Object {
              "instance": null,
              "key": undefined,
              "nodeType": "function",
              "props": Object {
                "children": <DeveloperSignup />,
                "className": "",
              },
              "ref": null,
              "rendered": Object {
                "instance": null,
                "key": undefined,
                "nodeType": "class",
                "props": Object {},
                "ref": null,
                "rendered": null,
                "type": [Function],
              },
              "type": [Function],
            },
            "type": [Function],
          },
          "type": "div",
        },
      ],
      "type": "div",
    },
    "type": "div",
  },
  Symbol(enzyme.__nodes__): Array [
    Object {
      "instance": null,
      "key": undefined,
      "nodeType": "host",
      "props": Object {
        "children": <div
          className="row developer-cta-container"
>
          <div
                    className="developer-cta-overview"
          >
                    <div
                              className="developer-cta-header"
                    >
                              Expand the reach of your image processing software
                    </div>
                    <div
                              className="developer-cta-desc"
                    >
                              <p>
                                        ChRIS is an 
                                        <strong>
                                                  open source platform
                                        </strong>
                                         for medical analytics in the cloud, democratizing the development of image processing apps within an ecosystem following
                                        <strong>
                                                   
                                                  common standards, rather than disparate silos
                                        </strong>
                                        .
                              </p>
                              <p>
                                        A ChRIS Developer account enables you to submit your image processing application as a containerized ChRIS plugin and share it with the broader ChRIS community of researchers and clinicians. 
                                        <strong>
                                                  Join us!
                                        </strong>
                              </p>
                    </div>
          </div>
          <div
                    className="developer-cta-form"
          >
                    <Card
                              accented={false}
                              aggregated={false}
                              aggregatedMini={false}
                              cardRef={null}
                              className=""
                              matchHeight={false}
                    >
                              <CardBody
                                        className=""
                              >
                                        <DeveloperSignup />
                              </CardBody>
                    </Card>
          </div>
</div>,
        "className": "developer-cta",
      },
      "ref": null,
      "rendered": Object {
        "instance": null,
        "key": undefined,
        "nodeType": "host",
        "props": Object {
          "children": Array [
            <div
              className="developer-cta-overview"
>
              <div
                            className="developer-cta-header"
              >
                            Expand the reach of your image processing software
              </div>
              <div
                            className="developer-cta-desc"
              >
                            <p>
                                          ChRIS is an 
                                          <strong>
                                                        open source platform
                                          </strong>
                                           for medical analytics in the cloud, democratizing the development of image processing apps within an ecosystem following
                                          <strong>
                                                         
                                                        common standards, rather than disparate silos
                                          </strong>
                                          .
                            </p>
                            <p>
                                          A ChRIS Developer account enables you to submit your image processing application as a containerized ChRIS plugin and share it with the broader ChRIS community of researchers and clinicians. 
                                          <strong>
                                                        Join us!
                                          </strong>
                            </p>
              </div>
</div>,
            <div
              className="developer-cta-form"
>
              <Card
                            accented={false}
                            aggregated={false}
                            aggregatedMini={false}
                            cardRef={null}
                            className=""
                            matchHeight={false}
              >
                            <CardBody
                                          className=""
                            >
                                          <DeveloperSignup />
                            </CardBody>
              </Card>
</div>,
          ],
          "className": "row developer-cta-container",
        },
        "ref": null,
        "rendered": Array [
          Object {
            "instance": null,
            "key": undefined,
            "nodeType": "host",
            "props": Object {
              "children": Array [
                <div
                  className="developer-cta-header"
>
                  Expand the reach of your image processing software
</div>,
                <div
                  className="developer-cta-desc"
>
                  <p>
                                    ChRIS is an 
                                    <strong>
                                                      open source platform
                                    </strong>
                                     for medical analytics in the cloud, democratizing the development of image processing apps within an ecosystem following
                                    <strong>
                                                       
                                                      common standards, rather than disparate silos
                                    </strong>
                                    .
                  </p>
                  <p>
                                    A ChRIS Developer account enables you to submit your image processing application as a containerized ChRIS plugin and share it with the broader ChRIS community of researchers and clinicians. 
                                    <strong>
                                                      Join us!
                                    </strong>
                  </p>
</div>,
              ],
              "className": "developer-cta-overview",
            },
            "ref": null,
            "rendered": Array [
              Object {
                "instance": null,
                "key": undefined,
                "nodeType": "host",
                "props": Object {
                  "children": "Expand the reach of your image processing software",
                  "className": "developer-cta-header",
                },
                "ref": null,
                "rendered": "Expand the reach of your image processing software",
                "type": "div",
              },
              Object {
                "instance": null,
                "key": undefined,
                "nodeType": "host",
                "props": Object {
                  "children": Array [
                    <p>
                      ChRIS is an 
                      <strong>
                                            open source platform
                      </strong>
                       for medical analytics in the cloud, democratizing the development of image processing apps within an ecosystem following
                      <strong>
                                             
                                            common standards, rather than disparate silos
                      </strong>
                      .
</p>,
                    <p>
                      A ChRIS Developer account enables you to submit your image processing application as a containerized ChRIS plugin and share it with the broader ChRIS community of researchers and clinicians. 
                      <strong>
                                            Join us!
                      </strong>
</p>,
                  ],
                  "className": "developer-cta-desc",
                },
                "ref": null,
                "rendered": Array [
                  Object {
                    "instance": null,
                    "key": undefined,
                    "nodeType": "host",
                    "props": Object {
                      "children": Array [
                        "ChRIS is an ",
                        <strong>
                          open source platform
</strong>,
                        " for medical analytics in the cloud, democratizing the development of image processing apps within an ecosystem following",
                        <strong>
                           
                          common standards, rather than disparate silos
</strong>,
                        ".",
                      ],
                    },
                    "ref": null,
                    "rendered": Array [
                      "ChRIS is an ",
                      Object {
                        "instance": null,
                        "key": undefined,
                        "nodeType": "host",
                        "props": Object {
                          "children": "open source platform",
                        },
                        "ref": null,
                        "rendered": "open source platform",
                        "type": "strong",
                      },
                      " for medical analytics in the cloud, democratizing the development of image processing apps within an ecosystem following",
                      Object {
                        "instance": null,
                        "key": undefined,
                        "nodeType": "host",
                        "props": Object {
                          "children": Array [
                            " ",
                            "common standards, rather than disparate silos",
                          ],
                        },
                        "ref": null,
                        "rendered": Array [
                          " ",
                          "common standards, rather than disparate silos",
                        ],
                        "type": "strong",
                      },
                      ".",
                    ],
                    "type": "p",
                  },
                  Object {
                    "instance": null,
                    "key": undefined,
                    "nodeType": "host",
                    "props": Object {
                      "children": Array [
                        "A ChRIS Developer account enables you to submit your image processing application as a containerized ChRIS plugin and share it with the broader ChRIS community of researchers and clinicians. ",
                        <strong>
                          Join us!
</strong>,
                      ],
                    },
                    "ref": null,
                    "rendered": Array [
                      "A ChRIS Developer account enables you to submit your image processing application as a containerized ChRIS plugin and share it with the broader ChRIS community of researchers and clinicians. ",
                      Object {
                        "instance": null,
                        "key": undefined,
                        "nodeType": "host",
                        "props": Object {
                          "children": "Join us!",
                        },
                        "ref": null,
                        "rendered": "Join us!",
                        "type": "strong",
                      },
                    ],
                    "type": "p",
                  },
                ],
                "type": "div",
              },
            ],
            "type": "div",
          },
          Object {
            "instance": null,
            "key": undefined,
            "nodeType": "host",
            "props": Object {
              "children": <Card
                accented={false}
                aggregated={false}
                aggregatedMini={false}
                cardRef={null}
                className=""
                matchHeight={false}
>
                <CardBody
                                className=""
                >
                                <DeveloperSignup />
                </CardBody>
</Card>,
              "className": "developer-cta-form",
            },
            "ref": null,
            "rendered": Object {
              "instance": null,
              "key": undefined,
              "nodeType": "function",
              "props": Object {
                "accented": false,
                "aggregated": false,
                "aggregatedMini": false,
                "cardRef": null,
                "children": <CardBody
                  className=""
>
                  <DeveloperSignup />
</CardBody>,
                "className": "",
                "matchHeight": false,
              },
              "ref": null,
              "rendered": Object {
                "instance": null,
                "key": undefined,
                "nodeType": "function",
                "props": Object {
                  "children": <DeveloperSignup />,
                  "className": "",
                },
                "ref": null,
                "rendered": Object {
                  "instance": null,
                  "key": undefined,
                  "nodeType": "class",
                  "props": Object {},
                  "ref": null,
                  "rendered": null,
                  "type": [Function],
                },
                "type": [Function],
              },
              "type": [Function],
            },
            "type": "div",
          },
        ],
        "type": "div",
      },
      "type": "div",
    },
  ],
  Symbol(enzyme.__options__): Object {
    "adapter": ReactSixteenAdapter {
      "options": Object {
        "enableComponentDidUpdateOnSetState": true,
      },
    },
  },
}
`;
