// Jest Snapshot v1, https://goo.gl/fbAQLP

exports[`WelcomeChRIS should render correctly 1`] = `
ShallowWrapper {
  "length": 1,
  Symbol(enzyme.__root__): [Circular],
  Symbol(enzyme.__unrendered__): <WelcomeChRIS />,
  Symbol(enzyme.__renderer__): Object {
    "batchedUpdates": [Function],
    "getNode": [Function],
    "render": [Function],
    "simulateEvent": [Function],
    "unmount": [Function],
  },
  Symbol(enzyme.__node__): Object {
    "instance": null,
    "key": undefined,
    "nodeType": "host",
    "props": Object {
      "children": Array [
        <div
          className="row"
>
          <div
                    className="welcome-chris-text"
          >
                    <div
                              className="welcome-chris-text-container"
                    >
                              <div>
                                        What is ChRIS?
                              </div>
                              <p>
                                        ChRIS is an open source framework that utilizes cloud technologies to democratize medical analytics application development and enables healthcare organizations to keep owning their data while benefiting from public cloud processing capabilities.
                              </p>
                              <p>
                                        ChRIS uses Docker/containers, Kubernetes/OpenShift, and a set of other technologies to standardize healthcare application development.
                              </p>
                    </div>
          </div>
          <div
                    className="welcome-chris-video-column"
          >
                    <div>
                              <iframe
                                        allow="autoplay; encrypted-media"
                                        allowFullScreen={true}
                                        className="welcome-chris-video"
                                        frameBorder="0"
                                        src="https://www.youtube-nocookie.com/embed/dyFQD87jU68"
                                        title="ChRIS video"
                              />
                              <p
                                        className="welcome-chris-video-desc"
                              >
                                        "
                                        Creating ChRIS
                                        "
                                         is an upcoming video series by Red Hat films that focuses on the ChRIS project - its purpose, development, milestones.
                              </p>
                    </div>
          </div>
</div>,
        <div
          className="row welcome-chris-btn-row"
>
          <div>
                    <Button
                              active={false}
                              block={false}
                              bsClass="btn"
                              bsSize="large"
                              bsStyle="default"
                              className="welcome-chris-btn welcome-chris-more-btn"
                              disabled={false}
                    >
                              Learn more
                    </Button>
          </div>
          <div>
                    <Button
                              active={false}
                              block={false}
                              bsClass="btn"
                              bsSize="large"
                              bsStyle="default"
                              className="welcome-chris-btn"
                              disabled={false}
                    >
                              Don
                              '
                              t have access to ChRIS?
                    </Button>
          </div>
</div>,
        <span>
          <img
                    alt=""
                    className="welcome-chris-banner"
                    src="chris_logo-ribbon.png"
          />
</span>,
      ],
      "className": "welcome-chris",
    },
    "ref": null,
    "rendered": Array [
      Object {
        "instance": null,
        "key": undefined,
        "nodeType": "host",
        "props": Object {
          "children": Array [
            <div
              className="welcome-chris-text"
>
              <div
                            className="welcome-chris-text-container"
              >
                            <div>
                                          What is ChRIS?
                            </div>
                            <p>
                                          ChRIS is an open source framework that utilizes cloud technologies to democratize medical analytics application development and enables healthcare organizations to keep owning their data while benefiting from public cloud processing capabilities.
                            </p>
                            <p>
                                          ChRIS uses Docker/containers, Kubernetes/OpenShift, and a set of other technologies to standardize healthcare application development.
                            </p>
              </div>
</div>,
            <div
              className="welcome-chris-video-column"
>
              <div>
                            <iframe
                                          allow="autoplay; encrypted-media"
                                          allowFullScreen={true}
                                          className="welcome-chris-video"
                                          frameBorder="0"
                                          src="https://www.youtube-nocookie.com/embed/dyFQD87jU68"
                                          title="ChRIS video"
                            />
                            <p
                                          className="welcome-chris-video-desc"
                            >
                                          "
                                          Creating ChRIS
                                          "
                                           is an upcoming video series by Red Hat films that focuses on the ChRIS project - its purpose, development, milestones.
                            </p>
              </div>
</div>,
          ],
          "className": "row",
        },
        "ref": null,
        "rendered": Array [
          Object {
            "instance": null,
            "key": undefined,
            "nodeType": "host",
            "props": Object {
              "children": <div
                className="welcome-chris-text-container"
>
                <div>
                                What is ChRIS?
                </div>
                <p>
                                ChRIS is an open source framework that utilizes cloud technologies to democratize medical analytics application development and enables healthcare organizations to keep owning their data while benefiting from public cloud processing capabilities.
                </p>
                <p>
                                ChRIS uses Docker/containers, Kubernetes/OpenShift, and a set of other technologies to standardize healthcare application development.
                </p>
</div>,
              "className": "welcome-chris-text",
            },
            "ref": null,
            "rendered": Object {
              "instance": null,
              "key": undefined,
              "nodeType": "host",
              "props": Object {
                "children": Array [
                  <div>
                    What is ChRIS?
</div>,
                  <p>
                    ChRIS is an open source framework that utilizes cloud technologies to democratize medical analytics application development and enables healthcare organizations to keep owning their data while benefiting from public cloud processing capabilities.
</p>,
                  <p>
                    ChRIS uses Docker/containers, Kubernetes/OpenShift, and a set of other technologies to standardize healthcare application development.
</p>,
                ],
                "className": "welcome-chris-text-container",
              },
              "ref": null,
              "rendered": Array [
                Object {
                  "instance": null,
                  "key": undefined,
                  "nodeType": "host",
                  "props": Object {
                    "children": "What is ChRIS?",
                  },
                  "ref": null,
                  "rendered": "What is ChRIS?",
                  "type": "div",
                },
                Object {
                  "instance": null,
                  "key": undefined,
                  "nodeType": "host",
                  "props": Object {
                    "children": "ChRIS is an open source framework that utilizes cloud technologies to democratize medical analytics application development and enables healthcare organizations to keep owning their data while benefiting from public cloud processing capabilities.",
                  },
                  "ref": null,
                  "rendered": "ChRIS is an open source framework that utilizes cloud technologies to democratize medical analytics application development and enables healthcare organizations to keep owning their data while benefiting from public cloud processing capabilities.",
                  "type": "p",
                },
                Object {
                  "instance": null,
                  "key": undefined,
                  "nodeType": "host",
                  "props": Object {
                    "children": "ChRIS uses Docker/containers, Kubernetes/OpenShift, and a set of other technologies to standardize healthcare application development.",
                  },
                  "ref": null,
                  "rendered": "ChRIS uses Docker/containers, Kubernetes/OpenShift, and a set of other technologies to standardize healthcare application development.",
                  "type": "p",
                },
              ],
              "type": "div",
            },
            "type": "div",
          },
          Object {
            "instance": null,
            "key": undefined,
            "nodeType": "host",
            "props": Object {
              "children": <div>
                <iframe
                                allow="autoplay; encrypted-media"
                                allowFullScreen={true}
                                className="welcome-chris-video"
                                frameBorder="0"
                                src="https://www.youtube-nocookie.com/embed/dyFQD87jU68"
                                title="ChRIS video"
                />
                <p
                                className="welcome-chris-video-desc"
                >
                                "
                                Creating ChRIS
                                "
                                 is an upcoming video series by Red Hat films that focuses on the ChRIS project - its purpose, development, milestones.
                </p>
</div>,
              "className": "welcome-chris-video-column",
            },
            "ref": null,
            "rendered": Object {
              "instance": null,
              "key": undefined,
              "nodeType": "host",
              "props": Object {
                "children": Array [
                  <iframe
                    allow="autoplay; encrypted-media"
                    allowFullScreen={true}
                    className="welcome-chris-video"
                    frameBorder="0"
                    src="https://www.youtube-nocookie.com/embed/dyFQD87jU68"
                    title="ChRIS video"
/>,
                  <p
                    className="welcome-chris-video-desc"
>
                    "
                    Creating ChRIS
                    "
                     is an upcoming video series by Red Hat films that focuses on the ChRIS project - its purpose, development, milestones.
</p>,
                ],
              },
              "ref": null,
              "rendered": Array [
                Object {
                  "instance": null,
                  "key": undefined,
                  "nodeType": "host",
                  "props": Object {
                    "allow": "autoplay; encrypted-media",
                    "allowFullScreen": true,
                    "className": "welcome-chris-video",
                    "frameBorder": "0",
                    "src": "https://www.youtube-nocookie.com/embed/dyFQD87jU68",
                    "title": "ChRIS video",
                  },
                  "ref": null,
                  "rendered": null,
                  "type": "iframe",
                },
                Object {
                  "instance": null,
                  "key": undefined,
                  "nodeType": "host",
                  "props": Object {
                    "children": Array [
                      "\\"",
                      "Creating ChRIS",
                      "\\"",
                      " is an upcoming video series by Red Hat films that focuses on the ChRIS project - its purpose, development, milestones.",
                    ],
                    "className": "welcome-chris-video-desc",
                  },
                  "ref": null,
                  "rendered": Array [
                    "\\"",
                    "Creating ChRIS",
                    "\\"",
                    " is an upcoming video series by Red Hat films that focuses on the ChRIS project - its purpose, development, milestones.",
                  ],
                  "type": "p",
                },
              ],
              "type": "div",
            },
            "type": "div",
          },
        ],
        "type": "div",
      },
      Object {
        "instance": null,
        "key": undefined,
        "nodeType": "host",
        "props": Object {
          "children": Array [
            <div>
              <Button
                            active={false}
                            block={false}
                            bsClass="btn"
                            bsSize="large"
                            bsStyle="default"
                            className="welcome-chris-btn welcome-chris-more-btn"
                            disabled={false}
              >
                            Learn more
              </Button>
</div>,
            <div>
              <Button
                            active={false}
                            block={false}
                            bsClass="btn"
                            bsSize="large"
                            bsStyle="default"
                            className="welcome-chris-btn"
                            disabled={false}
              >
                            Don
                            '
                            t have access to ChRIS?
              </Button>
</div>,
          ],
          "className": "row welcome-chris-btn-row",
        },
        "ref": null,
        "rendered": Array [
          Object {
            "instance": null,
            "key": undefined,
            "nodeType": "host",
            "props": Object {
              "children": <Button
                active={false}
                block={false}
                bsClass="btn"
                bsSize="large"
                bsStyle="default"
                className="welcome-chris-btn welcome-chris-more-btn"
                disabled={false}
>
                Learn more
</Button>,
            },
            "ref": null,
            "rendered": Object {
              "instance": null,
              "key": undefined,
              "nodeType": "class",
              "props": Object {
                "active": false,
                "block": false,
                "bsClass": "btn",
                "bsSize": "large",
                "bsStyle": "default",
                "children": "Learn more",
                "className": "welcome-chris-btn welcome-chris-more-btn",
                "disabled": false,
              },
              "ref": null,
              "rendered": "Learn more",
              "type": [Function],
            },
            "type": "div",
          },
          Object {
            "instance": null,
            "key": undefined,
            "nodeType": "host",
            "props": Object {
              "children": <Button
                active={false}
                block={false}
                bsClass="btn"
                bsSize="large"
                bsStyle="default"
                className="welcome-chris-btn"
                disabled={false}
>
                Don
                '
                t have access to ChRIS?
</Button>,
            },
            "ref": null,
            "rendered": Object {
              "instance": null,
              "key": undefined,
              "nodeType": "class",
              "props": Object {
                "active": false,
                "block": false,
                "bsClass": "btn",
                "bsSize": "large",
                "bsStyle": "default",
                "children": Array [
                  "Don",
                  "'",
                  "t have access to ChRIS?",
                ],
                "className": "welcome-chris-btn",
                "disabled": false,
              },
              "ref": null,
              "rendered": Array [
                "Don",
                "'",
                "t have access to ChRIS?",
              ],
              "type": [Function],
            },
            "type": "div",
          },
        ],
        "type": "div",
      },
      Object {
        "instance": null,
        "key": undefined,
        "nodeType": "host",
        "props": Object {
          "children": <img
            alt=""
            className="welcome-chris-banner"
            src="chris_logo-ribbon.png"
/>,
        },
        "ref": null,
        "rendered": Object {
          "instance": null,
          "key": undefined,
          "nodeType": "host",
          "props": Object {
            "alt": "",
            "className": "welcome-chris-banner",
            "src": "chris_logo-ribbon.png",
          },
          "ref": null,
          "rendered": null,
          "type": "img",
        },
        "type": "span",
      },
    ],
    "type": "div",
  },
  Symbol(enzyme.__nodes__): Array [
    Object {
      "instance": null,
      "key": undefined,
      "nodeType": "host",
      "props": Object {
        "children": Array [
          <div
            className="row"
>
            <div
                        className="welcome-chris-text"
            >
                        <div
                                    className="welcome-chris-text-container"
                        >
                                    <div>
                                                What is ChRIS?
                                    </div>
                                    <p>
                                                ChRIS is an open source framework that utilizes cloud technologies to democratize medical analytics application development and enables healthcare organizations to keep owning their data while benefiting from public cloud processing capabilities.
                                    </p>
                                    <p>
                                                ChRIS uses Docker/containers, Kubernetes/OpenShift, and a set of other technologies to standardize healthcare application development.
                                    </p>
                        </div>
            </div>
            <div
                        className="welcome-chris-video-column"
            >
                        <div>
                                    <iframe
                                                allow="autoplay; encrypted-media"
                                                allowFullScreen={true}
                                                className="welcome-chris-video"
                                                frameBorder="0"
                                                src="https://www.youtube-nocookie.com/embed/dyFQD87jU68"
                                                title="ChRIS video"
                                    />
                                    <p
                                                className="welcome-chris-video-desc"
                                    >
                                                "
                                                Creating ChRIS
                                                "
                                                 is an upcoming video series by Red Hat films that focuses on the ChRIS project - its purpose, development, milestones.
                                    </p>
                        </div>
            </div>
</div>,
          <div
            className="row welcome-chris-btn-row"
>
            <div>
                        <Button
                                    active={false}
                                    block={false}
                                    bsClass="btn"
                                    bsSize="large"
                                    bsStyle="default"
                                    className="welcome-chris-btn welcome-chris-more-btn"
                                    disabled={false}
                        >
                                    Learn more
                        </Button>
            </div>
            <div>
                        <Button
                                    active={false}
                                    block={false}
                                    bsClass="btn"
                                    bsSize="large"
                                    bsStyle="default"
                                    className="welcome-chris-btn"
                                    disabled={false}
                        >
                                    Don
                                    '
                                    t have access to ChRIS?
                        </Button>
            </div>
</div>,
          <span>
            <img
                        alt=""
                        className="welcome-chris-banner"
                        src="chris_logo-ribbon.png"
            />
</span>,
        ],
        "className": "welcome-chris",
      },
      "ref": null,
      "rendered": Array [
        Object {
          "instance": null,
          "key": undefined,
          "nodeType": "host",
          "props": Object {
            "children": Array [
              <div
                className="welcome-chris-text"
>
                <div
                                className="welcome-chris-text-container"
                >
                                <div>
                                                What is ChRIS?
                                </div>
                                <p>
                                                ChRIS is an open source framework that utilizes cloud technologies to democratize medical analytics application development and enables healthcare organizations to keep owning their data while benefiting from public cloud processing capabilities.
                                </p>
                                <p>
                                                ChRIS uses Docker/containers, Kubernetes/OpenShift, and a set of other technologies to standardize healthcare application development.
                                </p>
                </div>
</div>,
              <div
                className="welcome-chris-video-column"
>
                <div>
                                <iframe
                                                allow="autoplay; encrypted-media"
                                                allowFullScreen={true}
                                                className="welcome-chris-video"
                                                frameBorder="0"
                                                src="https://www.youtube-nocookie.com/embed/dyFQD87jU68"
                                                title="ChRIS video"
                                />
                                <p
                                                className="welcome-chris-video-desc"
                                >
                                                "
                                                Creating ChRIS
                                                "
                                                 is an upcoming video series by Red Hat films that focuses on the ChRIS project - its purpose, development, milestones.
                                </p>
                </div>
</div>,
            ],
            "className": "row",
          },
          "ref": null,
          "rendered": Array [
            Object {
              "instance": null,
              "key": undefined,
              "nodeType": "host",
              "props": Object {
                "children": <div
                  className="welcome-chris-text-container"
>
                  <div>
                                    What is ChRIS?
                  </div>
                  <p>
                                    ChRIS is an open source framework that utilizes cloud technologies to democratize medical analytics application development and enables healthcare organizations to keep owning their data while benefiting from public cloud processing capabilities.
                  </p>
                  <p>
                                    ChRIS uses Docker/containers, Kubernetes/OpenShift, and a set of other technologies to standardize healthcare application development.
                  </p>
</div>,
                "className": "welcome-chris-text",
              },
              "ref": null,
              "rendered": Object {
                "instance": null,
                "key": undefined,
                "nodeType": "host",
                "props": Object {
                  "children": Array [
                    <div>
                      What is ChRIS?
</div>,
                    <p>
                      ChRIS is an open source framework that utilizes cloud technologies to democratize medical analytics application development and enables healthcare organizations to keep owning their data while benefiting from public cloud processing capabilities.
</p>,
                    <p>
                      ChRIS uses Docker/containers, Kubernetes/OpenShift, and a set of other technologies to standardize healthcare application development.
</p>,
                  ],
                  "className": "welcome-chris-text-container",
                },
                "ref": null,
                "rendered": Array [
                  Object {
                    "instance": null,
                    "key": undefined,
                    "nodeType": "host",
                    "props": Object {
                      "children": "What is ChRIS?",
                    },
                    "ref": null,
                    "rendered": "What is ChRIS?",
                    "type": "div",
                  },
                  Object {
                    "instance": null,
                    "key": undefined,
                    "nodeType": "host",
                    "props": Object {
                      "children": "ChRIS is an open source framework that utilizes cloud technologies to democratize medical analytics application development and enables healthcare organizations to keep owning their data while benefiting from public cloud processing capabilities.",
                    },
                    "ref": null,
                    "rendered": "ChRIS is an open source framework that utilizes cloud technologies to democratize medical analytics application development and enables healthcare organizations to keep owning their data while benefiting from public cloud processing capabilities.",
                    "type": "p",
                  },
                  Object {
                    "instance": null,
                    "key": undefined,
                    "nodeType": "host",
                    "props": Object {
                      "children": "ChRIS uses Docker/containers, Kubernetes/OpenShift, and a set of other technologies to standardize healthcare application development.",
                    },
                    "ref": null,
                    "rendered": "ChRIS uses Docker/containers, Kubernetes/OpenShift, and a set of other technologies to standardize healthcare application development.",
                    "type": "p",
                  },
                ],
                "type": "div",
              },
              "type": "div",
            },
            Object {
              "instance": null,
              "key": undefined,
              "nodeType": "host",
              "props": Object {
                "children": <div>
                  <iframe
                                    allow="autoplay; encrypted-media"
                                    allowFullScreen={true}
                                    className="welcome-chris-video"
                                    frameBorder="0"
                                    src="https://www.youtube-nocookie.com/embed/dyFQD87jU68"
                                    title="ChRIS video"
                  />
                  <p
                                    className="welcome-chris-video-desc"
                  >
                                    "
                                    Creating ChRIS
                                    "
                                     is an upcoming video series by Red Hat films that focuses on the ChRIS project - its purpose, development, milestones.
                  </p>
</div>,
                "className": "welcome-chris-video-column",
              },
              "ref": null,
              "rendered": Object {
                "instance": null,
                "key": undefined,
                "nodeType": "host",
                "props": Object {
                  "children": Array [
                    <iframe
                      allow="autoplay; encrypted-media"
                      allowFullScreen={true}
                      className="welcome-chris-video"
                      frameBorder="0"
                      src="https://www.youtube-nocookie.com/embed/dyFQD87jU68"
                      title="ChRIS video"
/>,
                    <p
                      className="welcome-chris-video-desc"
>
                      "
                      Creating ChRIS
                      "
                       is an upcoming video series by Red Hat films that focuses on the ChRIS project - its purpose, development, milestones.
</p>,
                  ],
                },
                "ref": null,
                "rendered": Array [
                  Object {
                    "instance": null,
                    "key": undefined,
                    "nodeType": "host",
                    "props": Object {
                      "allow": "autoplay; encrypted-media",
                      "allowFullScreen": true,
                      "className": "welcome-chris-video",
                      "frameBorder": "0",
                      "src": "https://www.youtube-nocookie.com/embed/dyFQD87jU68",
                      "title": "ChRIS video",
                    },
                    "ref": null,
                    "rendered": null,
                    "type": "iframe",
                  },
                  Object {
                    "instance": null,
                    "key": undefined,
                    "nodeType": "host",
                    "props": Object {
                      "children": Array [
                        "\\"",
                        "Creating ChRIS",
                        "\\"",
                        " is an upcoming video series by Red Hat films that focuses on the ChRIS project - its purpose, development, milestones.",
                      ],
                      "className": "welcome-chris-video-desc",
                    },
                    "ref": null,
                    "rendered": Array [
                      "\\"",
                      "Creating ChRIS",
                      "\\"",
                      " is an upcoming video series by Red Hat films that focuses on the ChRIS project - its purpose, development, milestones.",
                    ],
                    "type": "p",
                  },
                ],
                "type": "div",
              },
              "type": "div",
            },
          ],
          "type": "div",
        },
        Object {
          "instance": null,
          "key": undefined,
          "nodeType": "host",
          "props": Object {
            "children": Array [
              <div>
                <Button
                                active={false}
                                block={false}
                                bsClass="btn"
                                bsSize="large"
                                bsStyle="default"
                                className="welcome-chris-btn welcome-chris-more-btn"
                                disabled={false}
                >
                                Learn more
                </Button>
</div>,
              <div>
                <Button
                                active={false}
                                block={false}
                                bsClass="btn"
                                bsSize="large"
                                bsStyle="default"
                                className="welcome-chris-btn"
                                disabled={false}
                >
                                Don
                                '
                                t have access to ChRIS?
                </Button>
</div>,
            ],
            "className": "row welcome-chris-btn-row",
          },
          "ref": null,
          "rendered": Array [
            Object {
              "instance": null,
              "key": undefined,
              "nodeType": "host",
              "props": Object {
                "children": <Button
                  active={false}
                  block={false}
                  bsClass="btn"
                  bsSize="large"
                  bsStyle="default"
                  className="welcome-chris-btn welcome-chris-more-btn"
                  disabled={false}
>
                  Learn more
</Button>,
              },
              "ref": null,
              "rendered": Object {
                "instance": null,
                "key": undefined,
                "nodeType": "class",
                "props": Object {
                  "active": false,
                  "block": false,
                  "bsClass": "btn",
                  "bsSize": "large",
                  "bsStyle": "default",
                  "children": "Learn more",
                  "className": "welcome-chris-btn welcome-chris-more-btn",
                  "disabled": false,
                },
                "ref": null,
                "rendered": "Learn more",
                "type": [Function],
              },
              "type": "div",
            },
            Object {
              "instance": null,
              "key": undefined,
              "nodeType": "host",
              "props": Object {
                "children": <Button
                  active={false}
                  block={false}
                  bsClass="btn"
                  bsSize="large"
                  bsStyle="default"
                  className="welcome-chris-btn"
                  disabled={false}
>
                  Don
                  '
                  t have access to ChRIS?
</Button>,
              },
              "ref": null,
              "rendered": Object {
                "instance": null,
                "key": undefined,
                "nodeType": "class",
                "props": Object {
                  "active": false,
                  "block": false,
                  "bsClass": "btn",
                  "bsSize": "large",
                  "bsStyle": "default",
                  "children": Array [
                    "Don",
                    "'",
                    "t have access to ChRIS?",
                  ],
                  "className": "welcome-chris-btn",
                  "disabled": false,
                },
                "ref": null,
                "rendered": Array [
                  "Don",
                  "'",
                  "t have access to ChRIS?",
                ],
                "type": [Function],
              },
              "type": "div",
            },
          ],
          "type": "div",
        },
        Object {
          "instance": null,
          "key": undefined,
          "nodeType": "host",
          "props": Object {
            "children": <img
              alt=""
              className="welcome-chris-banner"
              src="chris_logo-ribbon.png"
/>,
          },
          "ref": null,
          "rendered": Object {
            "instance": null,
            "key": undefined,
            "nodeType": "host",
            "props": Object {
              "alt": "",
              "className": "welcome-chris-banner",
              "src": "chris_logo-ribbon.png",
            },
            "ref": null,
            "rendered": null,
            "type": "img",
          },
          "type": "span",
        },
      ],
      "type": "div",
    },
  ],
  Symbol(enzyme.__options__): Object {
    "adapter": ReactSixteenAdapter {
      "options": Object {
        "enableComponentDidUpdateOnSetState": true,
      },
    },
  },
}
`;
