// Jest Snapshot v1, https://goo.gl/fbAQLP

exports[`WelcomeCTA should render correctly 1`] = `
ShallowWrapper {
  "length": 1,
  Symbol(enzyme.__root__): [Circular],
  Symbol(enzyme.__unrendered__): <WelcomeCTA />,
  Symbol(enzyme.__renderer__): Object {
    "batchedUpdates": [Function],
    "getNode": [Function],
    "render": [Function],
    "simulateEvent": [Function],
    "unmount": [Function],
  },
  Symbol(enzyme.__node__): Object {
    "instance": null,
    "key": undefined,
    "nodeType": "host",
    "props": Object {
      "children": Array [
        <div
          className="welcome-cta-img"
>
          <div
                    className="row welcome-cta-header"
          >
                    Accessible medical imaging using the latest research innovations, backed by cloud-based computing power.
          </div>
</div>,
        <div
          className="welcome-cta-featured"
>
          <div
                    className="welcome-cta-featured-desc"
          >
                    Apps available in the ChRIS store include:
          </div>
          <div
                    className="row welcome-cta-featured-container"
          >
                    <WelcomeFeature
                              img="freesurfer_90.png"
                              name="FreeSurfer"
                    />
                    <WelcomeFeature
                              img="tensorflow_90.png"
                              name="TensorFlow"
                    />
                    <WelcomeFeature
                              img="fsl_90.png"
                              name="FMRIB Software Library"
                    />
                    <WelcomeFeature
                              img="rhoana_90.png"
                              name="RhoANA"
                    />
                    <WelcomeFeature
                              img="slicer_90.png"
                              name="Slicer"
                    />
          </div>
          <div
                    className="welcome-scroll-caret"
          >
                    <Icon
                              name="angle-down"
                              type="fa"
                    />
          </div>
</div>,
        <div
          className="row no-flex"
>
          <div
                    className="welcome-user-cta"
          >
                    <div
                              className="welcome-user-cta-header"
                    >
                              Focus on your data. Not the tools.
                    </div>
                    <div
                              className="text-light"
                    >
                              You need to run analyses on data, view the results, create visualizations, collaborate on your findings. Not build an infrastructure and become a software developer.
                    </div>
                    <br />
                    <div
                              className="text-light"
                    >
                              The ChRIS platform provides a common infrastructure to which you can deploy...
                    </div>
          </div>
</div>,
      ],
      "className": "welcome-cta",
    },
    "ref": null,
    "rendered": Array [
      Object {
        "instance": null,
        "key": undefined,
        "nodeType": "host",
        "props": Object {
          "children": <div
            className="row welcome-cta-header"
>
            Accessible medical imaging using the latest research innovations, backed by cloud-based computing power.
</div>,
          "className": "welcome-cta-img",
        },
        "ref": null,
        "rendered": Object {
          "instance": null,
          "key": undefined,
          "nodeType": "host",
          "props": Object {
            "children": "Accessible medical imaging using the latest research innovations, backed by cloud-based computing power.",
            "className": "row welcome-cta-header",
          },
          "ref": null,
          "rendered": "Accessible medical imaging using the latest research innovations, backed by cloud-based computing power.",
          "type": "div",
        },
        "type": "div",
      },
      Object {
        "instance": null,
        "key": undefined,
        "nodeType": "host",
        "props": Object {
          "children": Array [
            <div
              className="welcome-cta-featured-desc"
>
              Apps available in the ChRIS store include:
</div>,
            <div
              className="row welcome-cta-featured-container"
>
              <WelcomeFeature
                            img="freesurfer_90.png"
                            name="FreeSurfer"
              />
              <WelcomeFeature
                            img="tensorflow_90.png"
                            name="TensorFlow"
              />
              <WelcomeFeature
                            img="fsl_90.png"
                            name="FMRIB Software Library"
              />
              <WelcomeFeature
                            img="rhoana_90.png"
                            name="RhoANA"
              />
              <WelcomeFeature
                            img="slicer_90.png"
                            name="Slicer"
              />
</div>,
            <div
              className="welcome-scroll-caret"
>
              <Icon
                            name="angle-down"
                            type="fa"
              />
</div>,
          ],
          "className": "welcome-cta-featured",
        },
        "ref": null,
        "rendered": Array [
          Object {
            "instance": null,
            "key": undefined,
            "nodeType": "host",
            "props": Object {
              "children": "Apps available in the ChRIS store include:",
              "className": "welcome-cta-featured-desc",
            },
            "ref": null,
            "rendered": "Apps available in the ChRIS store include:",
            "type": "div",
          },
          Object {
            "instance": null,
            "key": undefined,
            "nodeType": "host",
            "props": Object {
              "children": Array [
                <WelcomeFeature
                  img="freesurfer_90.png"
                  name="FreeSurfer"
/>,
                <WelcomeFeature
                  img="tensorflow_90.png"
                  name="TensorFlow"
/>,
                <WelcomeFeature
                  img="fsl_90.png"
                  name="FMRIB Software Library"
/>,
                <WelcomeFeature
                  img="rhoana_90.png"
                  name="RhoANA"
/>,
                <WelcomeFeature
                  img="slicer_90.png"
                  name="Slicer"
/>,
              ],
              "className": "row welcome-cta-featured-container",
            },
            "ref": null,
            "rendered": Array [
              Object {
                "instance": null,
                "key": undefined,
                "nodeType": "function",
                "props": Object {
                  "img": "freesurfer_90.png",
                  "name": "FreeSurfer",
                },
                "ref": null,
                "rendered": null,
                "type": [Function],
              },
              Object {
                "instance": null,
                "key": undefined,
                "nodeType": "function",
                "props": Object {
                  "img": "tensorflow_90.png",
                  "name": "TensorFlow",
                },
                "ref": null,
                "rendered": null,
                "type": [Function],
              },
              Object {
                "instance": null,
                "key": undefined,
                "nodeType": "function",
                "props": Object {
                  "img": "fsl_90.png",
                  "name": "FMRIB Software Library",
                },
                "ref": null,
                "rendered": null,
                "type": [Function],
              },
              Object {
                "instance": null,
                "key": undefined,
                "nodeType": "function",
                "props": Object {
                  "img": "rhoana_90.png",
                  "name": "RhoANA",
                },
                "ref": null,
                "rendered": null,
                "type": [Function],
              },
              Object {
                "instance": null,
                "key": undefined,
                "nodeType": "function",
                "props": Object {
                  "img": "slicer_90.png",
                  "name": "Slicer",
                },
                "ref": null,
                "rendered": null,
                "type": [Function],
              },
            ],
            "type": "div",
          },
          Object {
            "instance": null,
            "key": undefined,
            "nodeType": "host",
            "props": Object {
              "children": <Icon
                name="angle-down"
                type="fa"
/>,
              "className": "welcome-scroll-caret",
            },
            "ref": null,
            "rendered": Object {
              "instance": null,
              "key": undefined,
              "nodeType": "function",
              "props": Object {
                "name": "angle-down",
                "type": "fa",
              },
              "ref": null,
              "rendered": null,
              "type": [Function],
            },
            "type": "div",
          },
        ],
        "type": "div",
      },
      Object {
        "instance": null,
        "key": undefined,
        "nodeType": "host",
        "props": Object {
          "children": <div
            className="welcome-user-cta"
>
            <div
                        className="welcome-user-cta-header"
            >
                        Focus on your data. Not the tools.
            </div>
            <div
                        className="text-light"
            >
                        You need to run analyses on data, view the results, create visualizations, collaborate on your findings. Not build an infrastructure and become a software developer.
            </div>
            <br />
            <div
                        className="text-light"
            >
                        The ChRIS platform provides a common infrastructure to which you can deploy...
            </div>
</div>,
          "className": "row no-flex",
        },
        "ref": null,
        "rendered": Object {
          "instance": null,
          "key": undefined,
          "nodeType": "host",
          "props": Object {
            "children": Array [
              <div
                className="welcome-user-cta-header"
>
                Focus on your data. Not the tools.
</div>,
              <div
                className="text-light"
>
                You need to run analyses on data, view the results, create visualizations, collaborate on your findings. Not build an infrastructure and become a software developer.
</div>,
              <br />,
              <div
                className="text-light"
>
                The ChRIS platform provides a common infrastructure to which you can deploy...
</div>,
            ],
            "className": "welcome-user-cta",
          },
          "ref": null,
          "rendered": Array [
            Object {
              "instance": null,
              "key": undefined,
              "nodeType": "host",
              "props": Object {
                "children": "Focus on your data. Not the tools.",
                "className": "welcome-user-cta-header",
              },
              "ref": null,
              "rendered": "Focus on your data. Not the tools.",
              "type": "div",
            },
            Object {
              "instance": null,
              "key": undefined,
              "nodeType": "host",
              "props": Object {
                "children": "You need to run analyses on data, view the results, create visualizations, collaborate on your findings. Not build an infrastructure and become a software developer.",
                "className": "text-light",
              },
              "ref": null,
              "rendered": "You need to run analyses on data, view the results, create visualizations, collaborate on your findings. Not build an infrastructure and become a software developer.",
              "type": "div",
            },
            Object {
              "instance": null,
              "key": undefined,
              "nodeType": "host",
              "props": Object {},
              "ref": null,
              "rendered": null,
              "type": "br",
            },
            Object {
              "instance": null,
              "key": undefined,
              "nodeType": "host",
              "props": Object {
                "children": "The ChRIS platform provides a common infrastructure to which you can deploy...",
                "className": "text-light",
              },
              "ref": null,
              "rendered": "The ChRIS platform provides a common infrastructure to which you can deploy...",
              "type": "div",
            },
          ],
          "type": "div",
        },
        "type": "div",
      },
    ],
    "type": "div",
  },
  Symbol(enzyme.__nodes__): Array [
    Object {
      "instance": null,
      "key": undefined,
      "nodeType": "host",
      "props": Object {
        "children": Array [
          <div
            className="welcome-cta-img"
>
            <div
                        className="row welcome-cta-header"
            >
                        Accessible medical imaging using the latest research innovations, backed by cloud-based computing power.
            </div>
</div>,
          <div
            className="welcome-cta-featured"
>
            <div
                        className="welcome-cta-featured-desc"
            >
                        Apps available in the ChRIS store include:
            </div>
            <div
                        className="row welcome-cta-featured-container"
            >
                        <WelcomeFeature
                                    img="freesurfer_90.png"
                                    name="FreeSurfer"
                        />
                        <WelcomeFeature
                                    img="tensorflow_90.png"
                                    name="TensorFlow"
                        />
                        <WelcomeFeature
                                    img="fsl_90.png"
                                    name="FMRIB Software Library"
                        />
                        <WelcomeFeature
                                    img="rhoana_90.png"
                                    name="RhoANA"
                        />
                        <WelcomeFeature
                                    img="slicer_90.png"
                                    name="Slicer"
                        />
            </div>
            <div
                        className="welcome-scroll-caret"
            >
                        <Icon
                                    name="angle-down"
                                    type="fa"
                        />
            </div>
</div>,
          <div
            className="row no-flex"
>
            <div
                        className="welcome-user-cta"
            >
                        <div
                                    className="welcome-user-cta-header"
                        >
                                    Focus on your data. Not the tools.
                        </div>
                        <div
                                    className="text-light"
                        >
                                    You need to run analyses on data, view the results, create visualizations, collaborate on your findings. Not build an infrastructure and become a software developer.
                        </div>
                        <br />
                        <div
                                    className="text-light"
                        >
                                    The ChRIS platform provides a common infrastructure to which you can deploy...
                        </div>
            </div>
</div>,
        ],
        "className": "welcome-cta",
      },
      "ref": null,
      "rendered": Array [
        Object {
          "instance": null,
          "key": undefined,
          "nodeType": "host",
          "props": Object {
            "children": <div
              className="row welcome-cta-header"
>
              Accessible medical imaging using the latest research innovations, backed by cloud-based computing power.
</div>,
            "className": "welcome-cta-img",
          },
          "ref": null,
          "rendered": Object {
            "instance": null,
            "key": undefined,
            "nodeType": "host",
            "props": Object {
              "children": "Accessible medical imaging using the latest research innovations, backed by cloud-based computing power.",
              "className": "row welcome-cta-header",
            },
            "ref": null,
            "rendered": "Accessible medical imaging using the latest research innovations, backed by cloud-based computing power.",
            "type": "div",
          },
          "type": "div",
        },
        Object {
          "instance": null,
          "key": undefined,
          "nodeType": "host",
          "props": Object {
            "children": Array [
              <div
                className="welcome-cta-featured-desc"
>
                Apps available in the ChRIS store include:
</div>,
              <div
                className="row welcome-cta-featured-container"
>
                <WelcomeFeature
                                img="freesurfer_90.png"
                                name="FreeSurfer"
                />
                <WelcomeFeature
                                img="tensorflow_90.png"
                                name="TensorFlow"
                />
                <WelcomeFeature
                                img="fsl_90.png"
                                name="FMRIB Software Library"
                />
                <WelcomeFeature
                                img="rhoana_90.png"
                                name="RhoANA"
                />
                <WelcomeFeature
                                img="slicer_90.png"
                                name="Slicer"
                />
</div>,
              <div
                className="welcome-scroll-caret"
>
                <Icon
                                name="angle-down"
                                type="fa"
                />
</div>,
            ],
            "className": "welcome-cta-featured",
          },
          "ref": null,
          "rendered": Array [
            Object {
              "instance": null,
              "key": undefined,
              "nodeType": "host",
              "props": Object {
                "children": "Apps available in the ChRIS store include:",
                "className": "welcome-cta-featured-desc",
              },
              "ref": null,
              "rendered": "Apps available in the ChRIS store include:",
              "type": "div",
            },
            Object {
              "instance": null,
              "key": undefined,
              "nodeType": "host",
              "props": Object {
                "children": Array [
                  <WelcomeFeature
                    img="freesurfer_90.png"
                    name="FreeSurfer"
/>,
                  <WelcomeFeature
                    img="tensorflow_90.png"
                    name="TensorFlow"
/>,
                  <WelcomeFeature
                    img="fsl_90.png"
                    name="FMRIB Software Library"
/>,
                  <WelcomeFeature
                    img="rhoana_90.png"
                    name="RhoANA"
/>,
                  <WelcomeFeature
                    img="slicer_90.png"
                    name="Slicer"
/>,
                ],
                "className": "row welcome-cta-featured-container",
              },
              "ref": null,
              "rendered": Array [
                Object {
                  "instance": null,
                  "key": undefined,
                  "nodeType": "function",
                  "props": Object {
                    "img": "freesurfer_90.png",
                    "name": "FreeSurfer",
                  },
                  "ref": null,
                  "rendered": null,
                  "type": [Function],
                },
                Object {
                  "instance": null,
                  "key": undefined,
                  "nodeType": "function",
                  "props": Object {
                    "img": "tensorflow_90.png",
                    "name": "TensorFlow",
                  },
                  "ref": null,
                  "rendered": null,
                  "type": [Function],
                },
                Object {
                  "instance": null,
                  "key": undefined,
                  "nodeType": "function",
                  "props": Object {
                    "img": "fsl_90.png",
                    "name": "FMRIB Software Library",
                  },
                  "ref": null,
                  "rendered": null,
                  "type": [Function],
                },
                Object {
                  "instance": null,
                  "key": undefined,
                  "nodeType": "function",
                  "props": Object {
                    "img": "rhoana_90.png",
                    "name": "RhoANA",
                  },
                  "ref": null,
                  "rendered": null,
                  "type": [Function],
                },
                Object {
                  "instance": null,
                  "key": undefined,
                  "nodeType": "function",
                  "props": Object {
                    "img": "slicer_90.png",
                    "name": "Slicer",
                  },
                  "ref": null,
                  "rendered": null,
                  "type": [Function],
                },
              ],
              "type": "div",
            },
            Object {
              "instance": null,
              "key": undefined,
              "nodeType": "host",
              "props": Object {
                "children": <Icon
                  name="angle-down"
                  type="fa"
/>,
                "className": "welcome-scroll-caret",
              },
              "ref": null,
              "rendered": Object {
                "instance": null,
                "key": undefined,
                "nodeType": "function",
                "props": Object {
                  "name": "angle-down",
                  "type": "fa",
                },
                "ref": null,
                "rendered": null,
                "type": [Function],
              },
              "type": "div",
            },
          ],
          "type": "div",
        },
        Object {
          "instance": null,
          "key": undefined,
          "nodeType": "host",
          "props": Object {
            "children": <div
              className="welcome-user-cta"
>
              <div
                            className="welcome-user-cta-header"
              >
                            Focus on your data. Not the tools.
              </div>
              <div
                            className="text-light"
              >
                            You need to run analyses on data, view the results, create visualizations, collaborate on your findings. Not build an infrastructure and become a software developer.
              </div>
              <br />
              <div
                            className="text-light"
              >
                            The ChRIS platform provides a common infrastructure to which you can deploy...
              </div>
</div>,
            "className": "row no-flex",
          },
          "ref": null,
          "rendered": Object {
            "instance": null,
            "key": undefined,
            "nodeType": "host",
            "props": Object {
              "children": Array [
                <div
                  className="welcome-user-cta-header"
>
                  Focus on your data. Not the tools.
</div>,
                <div
                  className="text-light"
>
                  You need to run analyses on data, view the results, create visualizations, collaborate on your findings. Not build an infrastructure and become a software developer.
</div>,
                <br />,
                <div
                  className="text-light"
>
                  The ChRIS platform provides a common infrastructure to which you can deploy...
</div>,
              ],
              "className": "welcome-user-cta",
            },
            "ref": null,
            "rendered": Array [
              Object {
                "instance": null,
                "key": undefined,
                "nodeType": "host",
                "props": Object {
                  "children": "Focus on your data. Not the tools.",
                  "className": "welcome-user-cta-header",
                },
                "ref": null,
                "rendered": "Focus on your data. Not the tools.",
                "type": "div",
              },
              Object {
                "instance": null,
                "key": undefined,
                "nodeType": "host",
                "props": Object {
                  "children": "You need to run analyses on data, view the results, create visualizations, collaborate on your findings. Not build an infrastructure and become a software developer.",
                  "className": "text-light",
                },
                "ref": null,
                "rendered": "You need to run analyses on data, view the results, create visualizations, collaborate on your findings. Not build an infrastructure and become a software developer.",
                "type": "div",
              },
              Object {
                "instance": null,
                "key": undefined,
                "nodeType": "host",
                "props": Object {},
                "ref": null,
                "rendered": null,
                "type": "br",
              },
              Object {
                "instance": null,
                "key": undefined,
                "nodeType": "host",
                "props": Object {
                  "children": "The ChRIS platform provides a common infrastructure to which you can deploy...",
                  "className": "text-light",
                },
                "ref": null,
                "rendered": "The ChRIS platform provides a common infrastructure to which you can deploy...",
                "type": "div",
              },
            ],
            "type": "div",
          },
          "type": "div",
        },
      ],
      "type": "div",
    },
  ],
  Symbol(enzyme.__options__): Object {
    "adapter": ReactSixteenAdapter {
      "options": Object {
        "enableComponentDidUpdateOnSetState": true,
      },
    },
  },
}
`;
