// Jest Snapshot v1, https://goo.gl/fbAQLP

exports[`Plugins should render correctly 1`] = `
ShallowWrapper {
  "length": 1,
  Symbol(enzyme.__root__): [Circular],
  Symbol(enzyme.__unrendered__): <Plugins />,
  Symbol(enzyme.__renderer__): Object {
    "batchedUpdates": [Function],
    "getNode": [Function],
    "render": [Function],
    "simulateEvent": [Function],
    "unmount": [Function],
  },
  Symbol(enzyme.__node__): Object {
    "instance": null,
    "key": undefined,
    "nodeType": "host",
    "props": Object {
      "children": Array [
        <div
          className="plugins-stats"
>
          <div
                    className="row plugins-stats-row"
          >
                    <LoadingContainer
                              className=""
                    >
                              <LoadingContent
                                        bottom="1.5em"
                                        className=""
                                        height="30px"
                                        left="1em"
                                        right="0"
                                        top="1.5em"
                                        type=""
                                        width="135px"
                              />
                    </LoadingContainer>
                    <DropdownButton
                              id="sort-by-dropdown"
                              pullRight={true}
                              title="Sort By"
                    >
                              <MenuItem
                                        bsClass="dropdown"
                                        disabled={false}
                                        divider={false}
                                        eventKey="1"
                                        header={false}
                              >
                                        Name
                              </MenuItem>
                    </DropdownButton>
          </div>
</div>,
        <div
          className="row plugins-row"
>
          <PluginsCategories
                    categories={
                              Array [
                                        Object {
                                          "length": 3,
                                          "name": "Visualization",
                                        },
                                        Object {
                                          "length": 11,
                                          "name": "Modeling",
                                        },
                                        Object {
                                          "length": 7,
                                          "name": "Statistical Operation",
                                        },
                                      ]
                    }
          />
          <div
                    className="plugins-list"
          >
                    <LoadingPluginItem />
                    <LoadingPluginItem />
                    <LoadingPluginItem />
                    <LoadingPluginItem />
                    <LoadingPluginItem />
                    <LoadingPluginItem />
          </div>
</div>,
      ],
      "className": "plugins-container",
    },
    "ref": null,
    "rendered": Array [
      Object {
        "instance": null,
        "key": undefined,
        "nodeType": "host",
        "props": Object {
          "children": <div
            className="row plugins-stats-row"
>
            <LoadingContainer
                        className=""
            >
                        <LoadingContent
                                    bottom="1.5em"
                                    className=""
                                    height="30px"
                                    left="1em"
                                    right="0"
                                    top="1.5em"
                                    type=""
                                    width="135px"
                        />
            </LoadingContainer>
            <DropdownButton
                        id="sort-by-dropdown"
                        pullRight={true}
                        title="Sort By"
            >
                        <MenuItem
                                    bsClass="dropdown"
                                    disabled={false}
                                    divider={false}
                                    eventKey="1"
                                    header={false}
                        >
                                    Name
                        </MenuItem>
            </DropdownButton>
</div>,
          "className": "plugins-stats",
        },
        "ref": null,
        "rendered": Object {
          "instance": null,
          "key": undefined,
          "nodeType": "host",
          "props": Object {
            "children": Array [
              <LoadingContainer
                className=""
>
                <LoadingContent
                                bottom="1.5em"
                                className=""
                                height="30px"
                                left="1em"
                                right="0"
                                top="1.5em"
                                type=""
                                width="135px"
                />
</LoadingContainer>,
              <DropdownButton
                id="sort-by-dropdown"
                pullRight={true}
                title="Sort By"
>
                <MenuItem
                                bsClass="dropdown"
                                disabled={false}
                                divider={false}
                                eventKey="1"
                                header={false}
                >
                                Name
                </MenuItem>
</DropdownButton>,
            ],
            "className": "row plugins-stats-row",
          },
          "ref": null,
          "rendered": Array [
            Object {
              "instance": null,
              "key": undefined,
              "nodeType": "function",
              "props": Object {
                "children": <LoadingContent
                  bottom="1.5em"
                  className=""
                  height="30px"
                  left="1em"
                  right="0"
                  top="1.5em"
                  type=""
                  width="135px"
/>,
                "className": "",
              },
              "ref": null,
              "rendered": Object {
                "instance": null,
                "key": undefined,
                "nodeType": "function",
                "props": Object {
                  "bottom": "1.5em",
                  "className": "",
                  "height": "30px",
                  "left": "1em",
                  "right": "0",
                  "top": "1.5em",
                  "type": "",
                  "width": "135px",
                },
                "ref": null,
                "rendered": null,
                "type": [Function],
              },
              "type": [Function],
            },
            Object {
              "instance": null,
              "key": undefined,
              "nodeType": "class",
              "props": Object {
                "children": <MenuItem
                  bsClass="dropdown"
                  disabled={false}
                  divider={false}
                  eventKey="1"
                  header={false}
>
                  Name
</MenuItem>,
                "id": "sort-by-dropdown",
                "pullRight": true,
                "title": "Sort By",
              },
              "ref": null,
              "rendered": Object {
                "instance": null,
                "key": undefined,
                "nodeType": "class",
                "props": Object {
                  "bsClass": "dropdown",
                  "children": "Name",
                  "disabled": false,
                  "divider": false,
                  "eventKey": "1",
                  "header": false,
                },
                "ref": null,
                "rendered": "Name",
                "type": [Function],
              },
              "type": [Function],
            },
          ],
          "type": "div",
        },
        "type": "div",
      },
      Object {
        "instance": null,
        "key": undefined,
        "nodeType": "host",
        "props": Object {
          "children": Array [
            <PluginsCategories
              categories={
                            Array [
                                          Object {
                                            "length": 3,
                                            "name": "Visualization",
                                          },
                                          Object {
                                            "length": 11,
                                            "name": "Modeling",
                                          },
                                          Object {
                                            "length": 7,
                                            "name": "Statistical Operation",
                                          },
                                        ]
              }
/>,
            <div
              className="plugins-list"
>
              <LoadingPluginItem />
              <LoadingPluginItem />
              <LoadingPluginItem />
              <LoadingPluginItem />
              <LoadingPluginItem />
              <LoadingPluginItem />
</div>,
          ],
          "className": "row plugins-row",
        },
        "ref": null,
        "rendered": Array [
          Object {
            "instance": null,
            "key": undefined,
            "nodeType": "function",
            "props": Object {
              "categories": Array [
                Object {
                  "length": 3,
                  "name": "Visualization",
                },
                Object {
                  "length": 11,
                  "name": "Modeling",
                },
                Object {
                  "length": 7,
                  "name": "Statistical Operation",
                },
              ],
            },
            "ref": null,
            "rendered": null,
            "type": [Function],
          },
          Object {
            "instance": null,
            "key": undefined,
            "nodeType": "host",
            "props": Object {
              "children": Array [
                <LoadingPluginItem />,
                <LoadingPluginItem />,
                <LoadingPluginItem />,
                <LoadingPluginItem />,
                <LoadingPluginItem />,
                <LoadingPluginItem />,
              ],
              "className": "plugins-list",
            },
            "ref": null,
            "rendered": Array [
              Object {
                "instance": null,
                "key": "0",
                "nodeType": "function",
                "props": Object {},
                "ref": null,
                "rendered": null,
                "type": [Function],
              },
              Object {
                "instance": null,
                "key": "1",
                "nodeType": "function",
                "props": Object {},
                "ref": null,
                "rendered": null,
                "type": [Function],
              },
              Object {
                "instance": null,
                "key": "2",
                "nodeType": "function",
                "props": Object {},
                "ref": null,
                "rendered": null,
                "type": [Function],
              },
              Object {
                "instance": null,
                "key": "3",
                "nodeType": "function",
                "props": Object {},
                "ref": null,
                "rendered": null,
                "type": [Function],
              },
              Object {
                "instance": null,
                "key": "4",
                "nodeType": "function",
                "props": Object {},
                "ref": null,
                "rendered": null,
                "type": [Function],
              },
              Object {
                "instance": null,
                "key": "5",
                "nodeType": "function",
                "props": Object {},
                "ref": null,
                "rendered": null,
                "type": [Function],
              },
            ],
            "type": "div",
          },
        ],
        "type": "div",
      },
    ],
    "type": "div",
  },
  Symbol(enzyme.__nodes__): Array [
    Object {
      "instance": null,
      "key": undefined,
      "nodeType": "host",
      "props": Object {
        "children": Array [
          <div
            className="plugins-stats"
>
            <div
                        className="row plugins-stats-row"
            >
                        <LoadingContainer
                                    className=""
                        >
                                    <LoadingContent
                                                bottom="1.5em"
                                                className=""
                                                height="30px"
                                                left="1em"
                                                right="0"
                                                top="1.5em"
                                                type=""
                                                width="135px"
                                    />
                        </LoadingContainer>
                        <DropdownButton
                                    id="sort-by-dropdown"
                                    pullRight={true}
                                    title="Sort By"
                        >
                                    <MenuItem
                                                bsClass="dropdown"
                                                disabled={false}
                                                divider={false}
                                                eventKey="1"
                                                header={false}
                                    >
                                                Name
                                    </MenuItem>
                        </DropdownButton>
            </div>
</div>,
          <div
            className="row plugins-row"
>
            <PluginsCategories
                        categories={
                                    Array [
                                                Object {
                                                  "length": 3,
                                                  "name": "Visualization",
                                                },
                                                Object {
                                                  "length": 11,
                                                  "name": "Modeling",
                                                },
                                                Object {
                                                  "length": 7,
                                                  "name": "Statistical Operation",
                                                },
                                              ]
                        }
            />
            <div
                        className="plugins-list"
            >
                        <LoadingPluginItem />
                        <LoadingPluginItem />
                        <LoadingPluginItem />
                        <LoadingPluginItem />
                        <LoadingPluginItem />
                        <LoadingPluginItem />
            </div>
</div>,
        ],
        "className": "plugins-container",
      },
      "ref": null,
      "rendered": Array [
        Object {
          "instance": null,
          "key": undefined,
          "nodeType": "host",
          "props": Object {
            "children": <div
              className="row plugins-stats-row"
>
              <LoadingContainer
                            className=""
              >
                            <LoadingContent
                                          bottom="1.5em"
                                          className=""
                                          height="30px"
                                          left="1em"
                                          right="0"
                                          top="1.5em"
                                          type=""
                                          width="135px"
                            />
              </LoadingContainer>
              <DropdownButton
                            id="sort-by-dropdown"
                            pullRight={true}
                            title="Sort By"
              >
                            <MenuItem
                                          bsClass="dropdown"
                                          disabled={false}
                                          divider={false}
                                          eventKey="1"
                                          header={false}
                            >
                                          Name
                            </MenuItem>
              </DropdownButton>
</div>,
            "className": "plugins-stats",
          },
          "ref": null,
          "rendered": Object {
            "instance": null,
            "key": undefined,
            "nodeType": "host",
            "props": Object {
              "children": Array [
                <LoadingContainer
                  className=""
>
                  <LoadingContent
                                    bottom="1.5em"
                                    className=""
                                    height="30px"
                                    left="1em"
                                    right="0"
                                    top="1.5em"
                                    type=""
                                    width="135px"
                  />
</LoadingContainer>,
                <DropdownButton
                  id="sort-by-dropdown"
                  pullRight={true}
                  title="Sort By"
>
                  <MenuItem
                                    bsClass="dropdown"
                                    disabled={false}
                                    divider={false}
                                    eventKey="1"
                                    header={false}
                  >
                                    Name
                  </MenuItem>
</DropdownButton>,
              ],
              "className": "row plugins-stats-row",
            },
            "ref": null,
            "rendered": Array [
              Object {
                "instance": null,
                "key": undefined,
                "nodeType": "function",
                "props": Object {
                  "children": <LoadingContent
                    bottom="1.5em"
                    className=""
                    height="30px"
                    left="1em"
                    right="0"
                    top="1.5em"
                    type=""
                    width="135px"
/>,
                  "className": "",
                },
                "ref": null,
                "rendered": Object {
                  "instance": null,
                  "key": undefined,
                  "nodeType": "function",
                  "props": Object {
                    "bottom": "1.5em",
                    "className": "",
                    "height": "30px",
                    "left": "1em",
                    "right": "0",
                    "top": "1.5em",
                    "type": "",
                    "width": "135px",
                  },
                  "ref": null,
                  "rendered": null,
                  "type": [Function],
                },
                "type": [Function],
              },
              Object {
                "instance": null,
                "key": undefined,
                "nodeType": "class",
                "props": Object {
                  "children": <MenuItem
                    bsClass="dropdown"
                    disabled={false}
                    divider={false}
                    eventKey="1"
                    header={false}
>
                    Name
</MenuItem>,
                  "id": "sort-by-dropdown",
                  "pullRight": true,
                  "title": "Sort By",
                },
                "ref": null,
                "rendered": Object {
                  "instance": null,
                  "key": undefined,
                  "nodeType": "class",
                  "props": Object {
                    "bsClass": "dropdown",
                    "children": "Name",
                    "disabled": false,
                    "divider": false,
                    "eventKey": "1",
                    "header": false,
                  },
                  "ref": null,
                  "rendered": "Name",
                  "type": [Function],
                },
                "type": [Function],
              },
            ],
            "type": "div",
          },
          "type": "div",
        },
        Object {
          "instance": null,
          "key": undefined,
          "nodeType": "host",
          "props": Object {
            "children": Array [
              <PluginsCategories
                categories={
                                Array [
                                                Object {
                                                  "length": 3,
                                                  "name": "Visualization",
                                                },
                                                Object {
                                                  "length": 11,
                                                  "name": "Modeling",
                                                },
                                                Object {
                                                  "length": 7,
                                                  "name": "Statistical Operation",
                                                },
                                              ]
                }
/>,
              <div
                className="plugins-list"
>
                <LoadingPluginItem />
                <LoadingPluginItem />
                <LoadingPluginItem />
                <LoadingPluginItem />
                <LoadingPluginItem />
                <LoadingPluginItem />
</div>,
            ],
            "className": "row plugins-row",
          },
          "ref": null,
          "rendered": Array [
            Object {
              "instance": null,
              "key": undefined,
              "nodeType": "function",
              "props": Object {
                "categories": Array [
                  Object {
                    "length": 3,
                    "name": "Visualization",
                  },
                  Object {
                    "length": 11,
                    "name": "Modeling",
                  },
                  Object {
                    "length": 7,
                    "name": "Statistical Operation",
                  },
                ],
              },
              "ref": null,
              "rendered": null,
              "type": [Function],
            },
            Object {
              "instance": null,
              "key": undefined,
              "nodeType": "host",
              "props": Object {
                "children": Array [
                  <LoadingPluginItem />,
                  <LoadingPluginItem />,
                  <LoadingPluginItem />,
                  <LoadingPluginItem />,
                  <LoadingPluginItem />,
                  <LoadingPluginItem />,
                ],
                "className": "plugins-list",
              },
              "ref": null,
              "rendered": Array [
                Object {
                  "instance": null,
                  "key": "0",
                  "nodeType": "function",
                  "props": Object {},
                  "ref": null,
                  "rendered": null,
                  "type": [Function],
                },
                Object {
                  "instance": null,
                  "key": "1",
                  "nodeType": "function",
                  "props": Object {},
                  "ref": null,
                  "rendered": null,
                  "type": [Function],
                },
                Object {
                  "instance": null,
                  "key": "2",
                  "nodeType": "function",
                  "props": Object {},
                  "ref": null,
                  "rendered": null,
                  "type": [Function],
                },
                Object {
                  "instance": null,
                  "key": "3",
                  "nodeType": "function",
                  "props": Object {},
                  "ref": null,
                  "rendered": null,
                  "type": [Function],
                },
                Object {
                  "instance": null,
                  "key": "4",
                  "nodeType": "function",
                  "props": Object {},
                  "ref": null,
                  "rendered": null,
                  "type": [Function],
                },
                Object {
                  "instance": null,
                  "key": "5",
                  "nodeType": "function",
                  "props": Object {},
                  "ref": null,
                  "rendered": null,
                  "type": [Function],
                },
              ],
              "type": "div",
            },
          ],
          "type": "div",
        },
      ],
      "type": "div",
    },
  ],
  Symbol(enzyme.__options__): Object {
    "adapter": ReactSixteenAdapter {
      "options": Object {
        "enableComponentDidUpdateOnSetState": true,
      },
    },
  },
}
`;
